[2021-05-16T14:02:56.867-0700][gc,heap] Heap region size: 1M
[2021-05-16T14:02:56.880-0700][gc     ] Using G1
[2021-05-16T14:02:56.880-0700][gc,heap,coops] Heap address: 0x00000000c0000000, size: 1024 MB, Compressed Oops mode: 32-bit
[2021-05-16T14:02:56.880-0700][gc,cds       ] Mark closed archive regions in map: [0x00000000fff00000, 0x00000000fff6aff8]
[2021-05-16T14:02:56.880-0700][gc,cds       ] Mark open archive regions in map: [0x00000000ffe00000, 0x00000000ffe46ff8]
[2021-05-16T14:02:58.556-0700][gc,start     ] GC(0) Pause Young (Normal) (G1 Evacuation Pause)
[2021-05-16T14:02:58.556-0700][gc,task      ] GC(0) Using 4 workers of 4 for evacuation
[2021-05-16T14:02:58.574-0700][gc,phases    ] GC(0)   Pre Evacuate Collection Set: 0.0ms
[2021-05-16T14:02:58.575-0700][gc,phases    ] GC(0)   Evacuate Collection Set: 16.2ms
[2021-05-16T14:02:58.575-0700][gc,phases    ] GC(0)   Post Evacuate Collection Set: 1.6ms
[2021-05-16T14:02:58.575-0700][gc,phases    ] GC(0)   Other: 1.3ms
[2021-05-16T14:02:58.575-0700][gc,heap      ] GC(0) Eden regions: 51->0(44)
[2021-05-16T14:02:58.575-0700][gc,heap      ] GC(0) Survivor regions: 0->7(7)
[2021-05-16T14:02:58.575-0700][gc,heap      ] GC(0) Old regions: 2->2
[2021-05-16T14:02:58.575-0700][gc,heap      ] GC(0) Humongous regions: 0->0
[2021-05-16T14:02:58.575-0700][gc,metaspace ] GC(0) Metaspace: 15435K->15435K(1062912K)
[2021-05-16T14:02:58.575-0700][gc           ] GC(0) Pause Young (Normal) (G1 Evacuation Pause) 51M->7M(1024M) 19.055ms
[2021-05-16T14:02:58.575-0700][gc,cpu       ] GC(0) User=0.01s Sys=0.04s Real=0.02s
[2021-05-16T14:02:59.014-0700][gc,start     ] GC(1) Pause Young (Concurrent Start) (Metadata GC Threshold)
[2021-05-16T14:02:59.014-0700][gc,task      ] GC(1) Using 4 workers of 4 for evacuation
[2021-05-16T14:02:59.044-0700][gc,mmu       ] GC(1) MMU target violated: 21.0ms (20.0ms/21.0ms)
[2021-05-16T14:02:59.044-0700][gc,phases    ] GC(1)   Pre Evacuate Collection Set: 0.1ms
[2021-05-16T14:02:59.044-0700][gc,phases    ] GC(1)   Evacuate Collection Set: 28.2ms
[2021-05-16T14:02:59.044-0700][gc,phases    ] GC(1)   Post Evacuate Collection Set: 0.4ms
[2021-05-16T14:02:59.044-0700][gc,phases    ] GC(1)   Other: 0.6ms
[2021-05-16T14:02:59.044-0700][gc,heap      ] GC(1) Eden regions: 22->0(50)
[2021-05-16T14:02:59.044-0700][gc,heap      ] GC(1) Survivor regions: 7->1(7)
[2021-05-16T14:02:59.044-0700][gc,heap      ] GC(1) Old regions: 2->9
[2021-05-16T14:02:59.044-0700][gc,heap      ] GC(1) Humongous regions: 0->0
[2021-05-16T14:02:59.044-0700][gc,metaspace ] GC(1) Metaspace: 20589K->20589K(1067008K)
[2021-05-16T14:02:59.044-0700][gc           ] GC(1) Pause Young (Concurrent Start) (Metadata GC Threshold) 28M->8M(1024M) 29.395ms
[2021-05-16T14:02:59.044-0700][gc,cpu       ] GC(1) User=0.01s Sys=0.06s Real=0.03s
[2021-05-16T14:02:59.044-0700][gc           ] GC(2) Concurrent Cycle
[2021-05-16T14:02:59.044-0700][gc,marking   ] GC(2) Concurrent Clear Claimed Marks
[2021-05-16T14:02:59.044-0700][gc,marking   ] GC(2) Concurrent Clear Claimed Marks 0.058ms
[2021-05-16T14:02:59.044-0700][gc,marking   ] GC(2) Concurrent Scan Root Regions
[2021-05-16T14:02:59.045-0700][gc,marking   ] GC(2) Concurrent Scan Root Regions 1.159ms
[2021-05-16T14:02:59.045-0700][gc,marking   ] GC(2) Concurrent Mark (2.181s)
[2021-05-16T14:02:59.045-0700][gc,marking   ] GC(2) Concurrent Mark From Roots
[2021-05-16T14:02:59.045-0700][gc,task      ] GC(2) Using 1 workers of 1 for marking
[2021-05-16T14:02:59.052-0700][gc,marking   ] GC(2) Concurrent Mark From Roots 6.873ms
[2021-05-16T14:02:59.052-0700][gc,marking   ] GC(2) Concurrent Preclean
[2021-05-16T14:02:59.052-0700][gc,marking   ] GC(2) Concurrent Preclean 0.088ms
[2021-05-16T14:02:59.052-0700][gc,marking   ] GC(2) Concurrent Mark (2.181s, 2.188s) 7.005ms
[2021-05-16T14:02:59.052-0700][gc,start     ] GC(2) Pause Remark
[2021-05-16T14:02:59.054-0700][gc,stringtable] GC(2) Cleaned string and symbol table, strings: 5103 processed, 0 removed, symbols: 50978 processed, 45 removed
[2021-05-16T14:02:59.055-0700][gc            ] GC(2) Pause Remark 8M->8M(1024M) 2.590ms
[2021-05-16T14:02:59.055-0700][gc,cpu        ] GC(2) User=0.00s Sys=0.01s Real=0.00s
[2021-05-16T14:02:59.055-0700][gc,marking    ] GC(2) Concurrent Rebuild Remembered Sets
[2021-05-16T14:02:59.060-0700][gc,marking    ] GC(2) Concurrent Rebuild Remembered Sets 4.863ms
[2021-05-16T14:02:59.060-0700][gc,start      ] GC(2) Pause Cleanup
[2021-05-16T14:02:59.061-0700][gc            ] GC(2) Pause Cleanup 8M->8M(1024M) 0.264ms
[2021-05-16T14:02:59.061-0700][gc,cpu        ] GC(2) User=0.00s Sys=0.00s Real=0.00s
[2021-05-16T14:02:59.061-0700][gc,marking    ] GC(2) Concurrent Cleanup for Next Mark
[2021-05-16T14:02:59.148-0700][gc,marking    ] GC(2) Concurrent Cleanup for Next Mark 86.812ms
[2021-05-16T14:02:59.148-0700][gc            ] GC(2) Concurrent Cycle 103.730ms
[2021-05-16T14:03:00.375-0700][gc,start      ] GC(3) Pause Young (Normal) (G1 Evacuation Pause)
[2021-05-16T14:03:00.375-0700][gc,task       ] GC(3) Using 4 workers of 4 for evacuation
[2021-05-16T14:03:00.382-0700][gc,phases     ] GC(3)   Pre Evacuate Collection Set: 0.0ms
[2021-05-16T14:03:00.382-0700][gc,phases     ] GC(3)   Evacuate Collection Set: 6.2ms
[2021-05-16T14:03:00.382-0700][gc,phases     ] GC(3)   Post Evacuate Collection Set: 0.7ms
[2021-05-16T14:03:00.382-0700][gc,phases     ] GC(3)   Other: 0.2ms
[2021-05-16T14:03:00.382-0700][gc,heap       ] GC(3) Eden regions: 50->0(46)
[2021-05-16T14:03:00.382-0700][gc,heap       ] GC(3) Survivor regions: 1->5(7)
[2021-05-16T14:03:00.382-0700][gc,heap       ] GC(3) Old regions: 9->9
[2021-05-16T14:03:00.382-0700][gc,heap       ] GC(3) Humongous regions: 129->129
[2021-05-16T14:03:00.382-0700][gc,metaspace  ] GC(3) Metaspace: 29958K->29958K(1077248K)
[2021-05-16T14:03:00.382-0700][gc            ] GC(3) Pause Young (Normal) (G1 Evacuation Pause) 187M->140M(1024M) 7.187ms
[2021-05-16T14:03:00.382-0700][gc,cpu        ] GC(3) User=0.02s Sys=0.00s Real=0.01s
[2021-05-16T14:03:00.742-0700][gc,start      ] GC(4) Pause Young (Concurrent Start) (Metadata GC Threshold)
[2021-05-16T14:03:00.742-0700][gc,task       ] GC(4) Using 4 workers of 4 for evacuation
[2021-05-16T14:03:00.752-0700][gc,phases     ] GC(4)   Pre Evacuate Collection Set: 0.1ms
[2021-05-16T14:03:00.752-0700][gc,phases     ] GC(4)   Evacuate Collection Set: 8.9ms
[2021-05-16T14:03:00.752-0700][gc,phases     ] GC(4)   Post Evacuate Collection Set: 1.0ms
[2021-05-16T14:03:00.752-0700][gc,phases     ] GC(4)   Other: 0.3ms
[2021-05-16T14:03:00.752-0700][gc,heap       ] GC(4) Eden regions: 22->0(49)
[2021-05-16T14:03:00.752-0700][gc,heap       ] GC(4) Survivor regions: 5->2(7)
[2021-05-16T14:03:00.752-0700][gc,heap       ] GC(4) Old regions: 9->13
[2021-05-16T14:03:00.752-0700][gc,heap       ] GC(4) Humongous regions: 129->129
[2021-05-16T14:03:00.752-0700][gc,metaspace  ] GC(4) Metaspace: 34603K->34603K(1081344K)
[2021-05-16T14:03:00.752-0700][gc            ] GC(4) Pause Young (Concurrent Start) (Metadata GC Threshold) 162M->142M(1024M) 10.405ms
[2021-05-16T14:03:00.752-0700][gc,cpu        ] GC(4) User=0.01s Sys=0.02s Real=0.01s
[2021-05-16T14:03:00.753-0700][gc            ] GC(5) Concurrent Cycle
[2021-05-16T14:03:00.753-0700][gc,marking    ] GC(5) Concurrent Clear Claimed Marks
[2021-05-16T14:03:00.753-0700][gc,marking    ] GC(5) Concurrent Clear Claimed Marks 0.126ms
[2021-05-16T14:03:00.753-0700][gc,marking    ] GC(5) Concurrent Scan Root Regions
[2021-05-16T14:03:00.754-0700][gc,marking    ] GC(5) Concurrent Scan Root Regions 1.457ms
[2021-05-16T14:03:00.754-0700][gc,marking    ] GC(5) Concurrent Mark (3.890s)
[2021-05-16T14:03:00.754-0700][gc,marking    ] GC(5) Concurrent Mark From Roots
[2021-05-16T14:03:00.754-0700][gc,task       ] GC(5) Using 1 workers of 1 for marking
[2021-05-16T14:03:00.794-0700][gc,marking    ] GC(5) Concurrent Mark From Roots 40.228ms
[2021-05-16T14:03:00.794-0700][gc,marking    ] GC(5) Concurrent Preclean
[2021-05-16T14:03:00.794-0700][gc,marking    ] GC(5) Concurrent Preclean 0.078ms
[2021-05-16T14:03:00.795-0700][gc,marking    ] GC(5) Concurrent Mark (3.890s, 3.930s) 40.355ms
[2021-05-16T14:03:00.795-0700][gc,start      ] GC(5) Pause Remark
[2021-05-16T14:03:00.797-0700][gc,stringtable] GC(5) Cleaned string and symbol table, strings: 9698 processed, 12 removed, symbols: 81234 processed, 16 removed
[2021-05-16T14:03:00.797-0700][gc            ] GC(5) Pause Remark 143M->143M(1024M) 2.098ms
[2021-05-16T14:03:00.797-0700][gc,cpu        ] GC(5) User=0.00s Sys=0.00s Real=0.01s
[2021-05-16T14:03:00.797-0700][gc,marking    ] GC(5) Concurrent Rebuild Remembered Sets
[2021-05-16T14:03:00.804-0700][gc,marking    ] GC(5) Concurrent Rebuild Remembered Sets 7.611ms
[2021-05-16T14:03:00.805-0700][gc,start      ] GC(5) Pause Cleanup
[2021-05-16T14:03:00.805-0700][gc            ] GC(5) Pause Cleanup 143M->143M(1024M) 0.189ms
[2021-05-16T14:03:00.805-0700][gc,cpu        ] GC(5) User=0.00s Sys=0.00s Real=0.00s
[2021-05-16T14:03:00.805-0700][gc,marking    ] GC(5) Concurrent Cleanup for Next Mark
[2021-05-16T14:03:00.845-0700][gc,marking    ] GC(5) Concurrent Cleanup for Next Mark 39.802ms
[2021-05-16T14:03:00.845-0700][gc            ] GC(5) Concurrent Cycle 92.262ms
[2021-05-16T14:09:47.003-0700][gc,start      ] GC(6) Pause Young (Normal) (G1 Evacuation Pause)
[2021-05-16T14:09:47.004-0700][gc,task       ] GC(6) Using 4 workers of 4 for evacuation
[2021-05-16T14:09:47.029-0700][gc,mmu        ] GC(6) MMU target violated: 21.0ms (20.0ms/21.0ms)
[2021-05-16T14:09:47.029-0700][gc,phases     ] GC(6)   Pre Evacuate Collection Set: 0.2ms
[2021-05-16T14:09:47.029-0700][gc,phases     ] GC(6)   Evacuate Collection Set: 22.5ms
[2021-05-16T14:09:47.029-0700][gc,phases     ] GC(6)   Post Evacuate Collection Set: 1.6ms
[2021-05-16T14:09:47.029-0700][gc,phases     ] GC(6)   Other: 1.6ms
[2021-05-16T14:09:47.029-0700][gc,heap       ] GC(6) Eden regions: 49->0(46)
[2021-05-16T14:09:47.029-0700][gc,heap       ] GC(6) Survivor regions: 2->5(7)
[2021-05-16T14:09:47.029-0700][gc,heap       ] GC(6) Old regions: 13->13
[2021-05-16T14:09:47.029-0700][gc,heap       ] GC(6) Humongous regions: 129->129
[2021-05-16T14:09:47.029-0700][gc,metaspace  ] GC(6) Metaspace: 41175K->41175K(1087488K)
[2021-05-16T14:09:47.029-0700][gc            ] GC(6) Pause Young (Normal) (G1 Evacuation Pause) 191M->144M(1024M) 26.047ms
[2021-05-16T14:09:47.029-0700][gc,cpu        ] GC(6) User=0.04s Sys=0.02s Real=0.03s
[2021-05-16T14:22:58.843-0700][gc,start      ] GC(7) Pause Young (Normal) (G1 Evacuation Pause)
[2021-05-16T14:22:58.843-0700][gc,task       ] GC(7) Using 4 workers of 4 for evacuation
[2021-05-16T14:22:58.862-0700][gc,phases     ] GC(7)   Pre Evacuate Collection Set: 0.6ms
[2021-05-16T14:22:58.862-0700][gc,phases     ] GC(7)   Evacuate Collection Set: 16.7ms
[2021-05-16T14:22:58.862-0700][gc,phases     ] GC(7)   Post Evacuate Collection Set: 1.0ms
[2021-05-16T14:22:58.862-0700][gc,phases     ] GC(7)   Other: 0.8ms
[2021-05-16T14:22:58.862-0700][gc,heap       ] GC(7) Eden regions: 46->0(46)
[2021-05-16T14:22:58.862-0700][gc,heap       ] GC(7) Survivor regions: 5->5(7)
[2021-05-16T14:22:58.862-0700][gc,heap       ] GC(7) Old regions: 13->15
[2021-05-16T14:22:58.862-0700][gc,heap       ] GC(7) Humongous regions: 129->129
[2021-05-16T14:22:58.862-0700][gc,metaspace  ] GC(7) Metaspace: 42208K->42208K(1087488K)
[2021-05-16T14:22:58.862-0700][gc            ] GC(7) Pause Young (Normal) (G1 Evacuation Pause) 190M->146M(1024M) 19.617ms
[2021-05-16T14:22:58.862-0700][gc,cpu        ] GC(7) User=0.05s Sys=0.01s Real=0.02s
[2021-05-16T14:37:56.694-0700][gc,start      ] GC(8) Pause Young (Normal) (G1 Evacuation Pause)
[2021-05-16T14:37:56.695-0700][gc,task       ] GC(8) Using 4 workers of 4 for evacuation
[2021-05-16T14:37:56.703-0700][gc,phases     ] GC(8)   Pre Evacuate Collection Set: 0.1ms
[2021-05-16T14:37:56.703-0700][gc,phases     ] GC(8)   Evacuate Collection Set: 6.9ms
[2021-05-16T14:37:56.703-0700][gc,phases     ] GC(8)   Post Evacuate Collection Set: 0.4ms
[2021-05-16T14:37:56.703-0700][gc,phases     ] GC(8)   Other: 0.7ms
[2021-05-16T14:37:56.703-0700][gc,heap       ] GC(8) Eden regions: 46->0(48)
[2021-05-16T14:37:56.703-0700][gc,heap       ] GC(8) Survivor regions: 5->3(7)
[2021-05-16T14:37:56.703-0700][gc,heap       ] GC(8) Old regions: 15->17
[2021-05-16T14:37:56.703-0700][gc,heap       ] GC(8) Humongous regions: 129->129
[2021-05-16T14:37:56.703-0700][gc,metaspace  ] GC(8) Metaspace: 42317K->42317K(1087488K)
[2021-05-16T14:37:56.703-0700][gc            ] GC(8) Pause Young (Normal) (G1 Evacuation Pause) 192M->147M(1024M) 8.261ms
[2021-05-16T14:37:56.703-0700][gc,cpu        ] GC(8) User=0.02s Sys=0.00s Real=0.01s
[2021-05-16T14:54:44.975-0700][gc,start      ] GC(9) Pause Young (Normal) (G1 Evacuation Pause)
[2021-05-16T14:54:44.975-0700][gc,task       ] GC(9) Using 4 workers of 4 for evacuation
[2021-05-16T14:54:44.988-0700][gc,phases     ] GC(9)   Pre Evacuate Collection Set: 0.5ms
[2021-05-16T14:54:44.988-0700][gc,phases     ] GC(9)   Evacuate Collection Set: 10.7ms
[2021-05-16T14:54:44.988-0700][gc,phases     ] GC(9)   Post Evacuate Collection Set: 0.7ms
[2021-05-16T14:54:44.988-0700][gc,phases     ] GC(9)   Other: 1.1ms
[2021-05-16T14:54:44.988-0700][gc,heap       ] GC(9) Eden regions: 48->0(48)
[2021-05-16T14:54:44.988-0700][gc,heap       ] GC(9) Survivor regions: 3->3(7)
[2021-05-16T14:54:44.988-0700][gc,heap       ] GC(9) Old regions: 17->17
[2021-05-16T14:54:44.988-0700][gc,heap       ] GC(9) Humongous regions: 129->129
[2021-05-16T14:54:44.988-0700][gc,metaspace  ] GC(9) Metaspace: 42405K->42405K(1087488K)
[2021-05-16T14:54:44.988-0700][gc            ] GC(9) Pause Young (Normal) (G1 Evacuation Pause) 195M->147M(1024M) 13.150ms
[2021-05-16T14:54:44.988-0700][gc,cpu        ] GC(9) User=0.03s Sys=0.00s Real=0.02s
[2021-05-16T15:11:10.777-0700][gc,start      ] GC(10) Pause Young (Normal) (G1 Evacuation Pause)
[2021-05-16T15:11:10.778-0700][gc,task       ] GC(10) Using 4 workers of 4 for evacuation
[2021-05-16T15:11:10.806-0700][gc,mmu        ] GC(10) MMU target violated: 21.0ms (20.0ms/21.0ms)
[2021-05-16T15:11:10.806-0700][gc,phases     ] GC(10)   Pre Evacuate Collection Set: 0.3ms
[2021-05-16T15:11:10.806-0700][gc,phases     ] GC(10)   Evacuate Collection Set: 24.4ms
[2021-05-16T15:11:10.806-0700][gc,phases     ] GC(10)   Post Evacuate Collection Set: 2.7ms
[2021-05-16T15:11:10.806-0700][gc,phases     ] GC(10)   Other: 1.6ms
[2021-05-16T15:11:10.806-0700][gc,heap       ] GC(10) Eden regions: 48->0(47)
[2021-05-16T15:11:10.806-0700][gc,heap       ] GC(10) Survivor regions: 3->4(7)
[2021-05-16T15:11:10.806-0700][gc,heap       ] GC(10) Old regions: 17->17
[2021-05-16T15:11:10.806-0700][gc,heap       ] GC(10) Humongous regions: 129->129
[2021-05-16T15:11:10.806-0700][gc,metaspace  ] GC(10) Metaspace: 42511K->42511K(1087488K)
[2021-05-16T15:11:10.806-0700][gc            ] GC(10) Pause Young (Normal) (G1 Evacuation Pause) 195M->148M(1024M) 29.150ms
[2021-05-16T15:11:10.806-0700][gc,cpu        ] GC(10) User=0.06s Sys=0.00s Real=0.03s
[2021-05-16T15:28:11.697-0700][gc,start      ] GC(11) Pause Young (Normal) (G1 Evacuation Pause)
[2021-05-16T15:28:11.697-0700][gc,task       ] GC(11) Using 4 workers of 4 for evacuation
[2021-05-16T15:28:11.732-0700][gc,mmu        ] GC(11) MMU target violated: 21.0ms (20.0ms/21.0ms)
[2021-05-16T15:28:11.732-0700][gc,phases     ] GC(11)   Pre Evacuate Collection Set: 0.6ms
[2021-05-16T15:28:11.732-0700][gc,phases     ] GC(11)   Evacuate Collection Set: 29.5ms
[2021-05-16T15:28:11.732-0700][gc,phases     ] GC(11)   Post Evacuate Collection Set: 3.0ms
[2021-05-16T15:28:11.732-0700][gc,phases     ] GC(11)   Other: 2.0ms
[2021-05-16T15:28:11.732-0700][gc,heap       ] GC(11) Eden regions: 47->0(47)
[2021-05-16T15:28:11.732-0700][gc,heap       ] GC(11) Survivor regions: 4->4(7)
[2021-05-16T15:28:11.732-0700][gc,heap       ] GC(11) Old regions: 17->17
[2021-05-16T15:28:11.732-0700][gc,heap       ] GC(11) Humongous regions: 129->129
[2021-05-16T15:28:11.732-0700][gc,metaspace  ] GC(11) Metaspace: 42538K->42538K(1087488K)
[2021-05-16T15:28:11.732-0700][gc            ] GC(11) Pause Young (Normal) (G1 Evacuation Pause) 195M->148M(1024M) 35.239ms
[2021-05-16T15:28:11.732-0700][gc,cpu        ] GC(11) User=0.09s Sys=0.00s Real=0.03s
[2021-05-16T15:45:16.756-0700][gc,start      ] GC(12) Pause Young (Normal) (G1 Evacuation Pause)
[2021-05-16T15:45:16.756-0700][gc,task       ] GC(12) Using 4 workers of 4 for evacuation
[2021-05-16T15:45:16.764-0700][gc,phases     ] GC(12)   Pre Evacuate Collection Set: 0.2ms
[2021-05-16T15:45:16.764-0700][gc,phases     ] GC(12)   Evacuate Collection Set: 7.0ms
[2021-05-16T15:45:16.764-0700][gc,phases     ] GC(12)   Post Evacuate Collection Set: 0.5ms
[2021-05-16T15:45:16.764-0700][gc,phases     ] GC(12)   Other: 0.3ms
[2021-05-16T15:45:16.764-0700][gc,heap       ] GC(12) Eden regions: 47->0(47)
[2021-05-16T15:45:16.764-0700][gc,heap       ] GC(12) Survivor regions: 4->4(7)
[2021-05-16T15:45:16.764-0700][gc,heap       ] GC(12) Old regions: 17->17
[2021-05-16T15:45:16.764-0700][gc,heap       ] GC(12) Humongous regions: 129->129
[2021-05-16T15:45:16.764-0700][gc,metaspace  ] GC(12) Metaspace: 42582K->42582K(1087488K)
[2021-05-16T15:45:16.764-0700][gc            ] GC(12) Pause Young (Normal) (G1 Evacuation Pause) 195M->148M(1024M) 8.225ms
[2021-05-16T15:45:16.764-0700][gc,cpu        ] GC(12) User=0.01s Sys=0.00s Real=0.01s
[2021-05-16T16:02:21.105-0700][gc,start      ] GC(13) Pause Young (Normal) (G1 Evacuation Pause)
[2021-05-16T16:02:21.105-0700][gc,task       ] GC(13) Using 4 workers of 4 for evacuation
[2021-05-16T16:02:21.121-0700][gc,phases     ] GC(13)   Pre Evacuate Collection Set: 0.3ms
[2021-05-16T16:02:21.121-0700][gc,phases     ] GC(13)   Evacuate Collection Set: 14.7ms
[2021-05-16T16:02:21.121-0700][gc,phases     ] GC(13)   Post Evacuate Collection Set: 0.7ms
[2021-05-16T16:02:21.121-0700][gc,phases     ] GC(13)   Other: 0.6ms
[2021-05-16T16:02:21.121-0700][gc,heap       ] GC(13) Eden regions: 47->0(47)
[2021-05-16T16:02:21.121-0700][gc,heap       ] GC(13) Survivor regions: 4->4(7)
[2021-05-16T16:02:21.121-0700][gc,heap       ] GC(13) Old regions: 17->17
[2021-05-16T16:02:21.121-0700][gc,heap       ] GC(13) Humongous regions: 129->129
[2021-05-16T16:02:21.121-0700][gc,metaspace  ] GC(13) Metaspace: 42593K->42593K(1087488K)
[2021-05-16T16:02:21.121-0700][gc            ] GC(13) Pause Young (Normal) (G1 Evacuation Pause) 195M->148M(1024M) 16.392ms
[2021-05-16T16:02:21.121-0700][gc,cpu        ] GC(13) User=0.02s Sys=0.00s Real=0.02s
[2021-05-16T16:19:46.699-0700][gc,start      ] GC(14) Pause Young (Normal) (G1 Evacuation Pause)
[2021-05-16T16:19:46.700-0700][gc,task       ] GC(14) Using 4 workers of 4 for evacuation
[2021-05-16T16:19:46.726-0700][gc,mmu        ] GC(14) MMU target violated: 21.0ms (20.0ms/21.0ms)
[2021-05-16T16:19:46.727-0700][gc,phases     ] GC(14)   Pre Evacuate Collection Set: 0.5ms
[2021-05-16T16:19:46.727-0700][gc,phases     ] GC(14)   Evacuate Collection Set: 23.4ms
[2021-05-16T16:19:46.727-0700][gc,phases     ] GC(14)   Post Evacuate Collection Set: 1.7ms
[2021-05-16T16:19:46.727-0700][gc,phases     ] GC(14)   Other: 2.0ms
[2021-05-16T16:19:46.727-0700][gc,heap       ] GC(14) Eden regions: 47->0(47)
[2021-05-16T16:19:46.727-0700][gc,heap       ] GC(14) Survivor regions: 4->4(7)
[2021-05-16T16:19:46.727-0700][gc,heap       ] GC(14) Old regions: 17->17
[2021-05-16T16:19:46.727-0700][gc,heap       ] GC(14) Humongous regions: 129->129
[2021-05-16T16:19:46.727-0700][gc,metaspace  ] GC(14) Metaspace: 42632K->42632K(1087488K)
[2021-05-16T16:19:46.727-0700][gc            ] GC(14) Pause Young (Normal) (G1 Evacuation Pause) 195M->147M(1024M) 28.272ms
[2021-05-16T16:19:46.727-0700][gc,cpu        ] GC(14) User=0.06s Sys=0.00s Real=0.03s
[2021-05-16T16:36:49.334-0700][gc,start      ] GC(15) Pause Young (Normal) (G1 Evacuation Pause)
[2021-05-16T16:36:49.335-0700][gc,task       ] GC(15) Using 4 workers of 4 for evacuation
[2021-05-16T16:36:49.353-0700][gc,phases     ] GC(15)   Pre Evacuate Collection Set: 0.5ms
[2021-05-16T16:36:49.353-0700][gc,phases     ] GC(15)   Evacuate Collection Set: 16.2ms
[2021-05-16T16:36:49.353-0700][gc,phases     ] GC(15)   Post Evacuate Collection Set: 1.3ms
[2021-05-16T16:36:49.353-0700][gc,phases     ] GC(15)   Other: 1.4ms
[2021-05-16T16:36:49.353-0700][gc,heap       ] GC(15) Eden regions: 47->0(47)
[2021-05-16T16:36:49.353-0700][gc,heap       ] GC(15) Survivor regions: 4->4(7)
[2021-05-16T16:36:49.354-0700][gc,heap       ] GC(15) Old regions: 17->17
[2021-05-16T16:36:49.354-0700][gc,heap       ] GC(15) Humongous regions: 129->129
[2021-05-16T16:36:49.354-0700][gc,metaspace  ] GC(15) Metaspace: 42633K->42633K(1087488K)
[2021-05-16T16:36:49.354-0700][gc            ] GC(15) Pause Young (Normal) (G1 Evacuation Pause) 194M->148M(1024M) 19.890ms
[2021-05-16T16:36:49.355-0700][gc,cpu        ] GC(15) User=0.05s Sys=0.00s Real=0.02s
[2021-05-16T16:53:54.193-0700][gc,start      ] GC(16) Pause Young (Normal) (G1 Evacuation Pause)
[2021-05-16T16:53:54.193-0700][gc,task       ] GC(16) Using 4 workers of 4 for evacuation
[2021-05-16T16:53:54.217-0700][gc,mmu        ] GC(16) MMU target violated: 21.0ms (20.0ms/21.0ms)
[2021-05-16T16:53:54.217-0700][gc,phases     ] GC(16)   Pre Evacuate Collection Set: 0.8ms
[2021-05-16T16:53:54.217-0700][gc,phases     ] GC(16)   Evacuate Collection Set: 21.2ms
[2021-05-16T16:53:54.217-0700][gc,phases     ] GC(16)   Post Evacuate Collection Set: 0.8ms
[2021-05-16T16:53:54.217-0700][gc,phases     ] GC(16)   Other: 1.6ms
[2021-05-16T16:53:54.217-0700][gc,heap       ] GC(16) Eden regions: 47->0(47)
[2021-05-16T16:53:54.217-0700][gc,heap       ] GC(16) Survivor regions: 4->4(7)
[2021-05-16T16:53:54.217-0700][gc,heap       ] GC(16) Old regions: 17->17
[2021-05-16T16:53:54.217-0700][gc,heap       ] GC(16) Humongous regions: 129->129
[2021-05-16T16:53:54.217-0700][gc,metaspace  ] GC(16) Metaspace: 42634K->42634K(1087488K)
[2021-05-16T16:53:54.217-0700][gc            ] GC(16) Pause Young (Normal) (G1 Evacuation Pause) 195M->148M(1024M) 24.655ms
[2021-05-16T16:53:54.217-0700][gc,cpu        ] GC(16) User=0.05s Sys=0.00s Real=0.03s
[2021-05-16T17:10:03.282-0700][gc,start      ] GC(17) Pause Young (Normal) (G1 Evacuation Pause)
[2021-05-16T17:10:03.283-0700][gc,task       ] GC(17) Using 4 workers of 4 for evacuation
[2021-05-16T17:10:03.309-0700][gc,mmu        ] GC(17) MMU target violated: 21.0ms (20.0ms/21.0ms)
[2021-05-16T17:10:03.309-0700][gc,phases     ] GC(17)   Pre Evacuate Collection Set: 0.9ms
[2021-05-16T17:10:03.309-0700][gc,phases     ] GC(17)   Evacuate Collection Set: 23.4ms
[2021-05-16T17:10:03.309-0700][gc,phases     ] GC(17)   Post Evacuate Collection Set: 0.8ms
[2021-05-16T17:10:03.309-0700][gc,phases     ] GC(17)   Other: 1.7ms
[2021-05-16T17:10:03.309-0700][gc,heap       ] GC(17) Eden regions: 47->0(47)
[2021-05-16T17:10:03.309-0700][gc,heap       ] GC(17) Survivor regions: 4->4(7)
[2021-05-16T17:10:03.309-0700][gc,heap       ] GC(17) Old regions: 17->17
[2021-05-16T17:10:03.309-0700][gc,heap       ] GC(17) Humongous regions: 129->129
[2021-05-16T17:10:03.309-0700][gc,metaspace  ] GC(17) Metaspace: 42642K->42642K(1087488K)
[2021-05-16T17:10:03.309-0700][gc            ] GC(17) Pause Young (Normal) (G1 Evacuation Pause) 195M->148M(1024M) 26.858ms
[2021-05-16T17:10:03.309-0700][gc,cpu        ] GC(17) User=0.05s Sys=0.00s Real=0.02s
[2021-05-17T01:07:38.136-0700][gc,start      ] GC(18) Pause Young (Normal) (G1 Evacuation Pause)
[2021-05-17T01:07:38.144-0700][gc,task       ] GC(18) Using 4 workers of 4 for evacuation
[2021-05-17T01:07:38.151-0700][gc,phases     ] GC(18)   Pre Evacuate Collection Set: 0.2ms
[2021-05-17T01:07:38.151-0700][gc,phases     ] GC(18)   Evacuate Collection Set: 5.8ms
[2021-05-17T01:07:38.151-0700][gc,phases     ] GC(18)   Post Evacuate Collection Set: 0.4ms
[2021-05-17T01:07:38.151-0700][gc,phases     ] GC(18)   Other: 9.1ms
[2021-05-17T01:07:38.151-0700][gc,heap       ] GC(18) Eden regions: 47->0(51)
[2021-05-17T01:07:38.151-0700][gc,heap       ] GC(18) Survivor regions: 4->4(7)
[2021-05-17T01:07:38.151-0700][gc,heap       ] GC(18) Old regions: 17->17
[2021-05-17T01:07:38.151-0700][gc,heap       ] GC(18) Humongous regions: 129->129
[2021-05-17T01:07:38.151-0700][gc,metaspace  ] GC(18) Metaspace: 42950K->42950K(1087488K)
[2021-05-17T01:07:38.151-0700][gc            ] GC(18) Pause Young (Normal) (G1 Evacuation Pause) 195M->148M(1024M) 15.629ms
[2021-05-17T01:07:38.151-0700][gc,cpu        ] GC(18) User=0.02s Sys=0.00s Real=0.02s
[2021-05-17T01:25:47.602-0700][gc,start      ] GC(19) Pause Young (Normal) (G1 Evacuation Pause)
[2021-05-17T01:25:47.603-0700][gc,task       ] GC(19) Using 4 workers of 4 for evacuation
[2021-05-17T01:25:47.623-0700][gc,phases     ] GC(19)   Pre Evacuate Collection Set: 1.1ms
[2021-05-17T01:25:47.623-0700][gc,phases     ] GC(19)   Evacuate Collection Set: 15.7ms
[2021-05-17T01:25:47.623-0700][gc,phases     ] GC(19)   Post Evacuate Collection Set: 2.0ms
[2021-05-17T01:25:47.623-0700][gc,phases     ] GC(19)   Other: 1.5ms
[2021-05-17T01:25:47.623-0700][gc,heap       ] GC(19) Eden regions: 51->0(52)
[2021-05-17T01:25:47.623-0700][gc,heap       ] GC(19) Survivor regions: 4->4(7)
[2021-05-17T01:25:47.623-0700][gc,heap       ] GC(19) Old regions: 17->17
[2021-05-17T01:25:47.623-0700][gc,heap       ] GC(19) Humongous regions: 129->129
[2021-05-17T01:25:47.623-0700][gc,metaspace  ] GC(19) Metaspace: 42951K->42951K(1087488K)
[2021-05-17T01:25:47.623-0700][gc            ] GC(19) Pause Young (Normal) (G1 Evacuation Pause) 199M->148M(1024M) 20.521ms
[2021-05-17T01:25:47.623-0700][gc,cpu        ] GC(19) User=0.06s Sys=0.00s Real=0.02s
[2021-05-17T01:44:39.499-0700][gc,start      ] GC(20) Pause Young (Normal) (G1 Evacuation Pause)
[2021-05-17T01:44:39.499-0700][gc,task       ] GC(20) Using 4 workers of 4 for evacuation
[2021-05-17T01:44:39.516-0700][gc,phases     ] GC(20)   Pre Evacuate Collection Set: 0.2ms
[2021-05-17T01:44:39.516-0700][gc,phases     ] GC(20)   Evacuate Collection Set: 10.7ms
[2021-05-17T01:44:39.516-0700][gc,phases     ] GC(20)   Post Evacuate Collection Set: 5.5ms
[2021-05-17T01:44:39.516-0700][gc,phases     ] GC(20)   Other: 0.5ms
[2021-05-17T01:44:39.516-0700][gc,heap       ] GC(20) Eden regions: 52->0(52)
[2021-05-17T01:44:39.516-0700][gc,heap       ] GC(20) Survivor regions: 4->4(7)
[2021-05-17T01:44:39.516-0700][gc,heap       ] GC(20) Old regions: 17->17
[2021-05-17T01:44:39.516-0700][gc,heap       ] GC(20) Humongous regions: 129->129
[2021-05-17T01:44:39.516-0700][gc,metaspace  ] GC(20) Metaspace: 42954K->42954K(1087488K)
[2021-05-17T01:44:39.516-0700][gc            ] GC(20) Pause Young (Normal) (G1 Evacuation Pause) 200M->148M(1024M) 17.084ms
[2021-05-17T01:44:39.516-0700][gc,cpu        ] GC(20) User=0.04s Sys=0.00s Real=0.01s
[2021-05-17T02:02:30.512-0700][gc,start      ] GC(21) Pause Young (Normal) (G1 Evacuation Pause)
[2021-05-17T02:02:30.512-0700][gc,task       ] GC(21) Using 4 workers of 4 for evacuation
[2021-05-17T02:02:30.520-0700][gc,phases     ] GC(21)   Pre Evacuate Collection Set: 0.2ms
[2021-05-17T02:02:30.520-0700][gc,phases     ] GC(21)   Evacuate Collection Set: 6.4ms
[2021-05-17T02:02:30.520-0700][gc,phases     ] GC(21)   Post Evacuate Collection Set: 0.6ms
[2021-05-17T02:02:30.520-0700][gc,phases     ] GC(21)   Other: 0.3ms
[2021-05-17T02:02:30.520-0700][gc,heap       ] GC(21) Eden regions: 52->0(64)
[2021-05-17T02:02:30.520-0700][gc,heap       ] GC(21) Survivor regions: 4->4(7)
[2021-05-17T02:02:30.520-0700][gc,heap       ] GC(21) Old regions: 17->18
[2021-05-17T02:02:30.520-0700][gc,heap       ] GC(21) Humongous regions: 129->129
[2021-05-17T02:02:30.520-0700][gc,metaspace  ] GC(21) Metaspace: 42966K->42966K(1087488K)
[2021-05-17T02:02:30.520-0700][gc            ] GC(21) Pause Young (Normal) (G1 Evacuation Pause) 200M->148M(1024M) 7.610ms
[2021-05-17T02:02:30.520-0700][gc,cpu        ] GC(21) User=0.02s Sys=0.00s Real=0.01s
[2021-05-17T02:25:53.799-0700][gc,start      ] GC(22) Pause Young (Normal) (G1 Evacuation Pause)
[2021-05-17T02:25:53.799-0700][gc,task       ] GC(22) Using 4 workers of 4 for evacuation
[2021-05-17T02:25:53.816-0700][gc,phases     ] GC(22)   Pre Evacuate Collection Set: 0.7ms
[2021-05-17T02:25:53.816-0700][gc,phases     ] GC(22)   Evacuate Collection Set: 14.9ms
[2021-05-17T02:25:53.816-0700][gc,phases     ] GC(22)   Post Evacuate Collection Set: 0.8ms
[2021-05-17T02:25:53.816-0700][gc,phases     ] GC(22)   Other: 1.3ms
[2021-05-17T02:25:53.816-0700][gc,heap       ] GC(22) Eden regions: 64->0(610)
[2021-05-17T02:25:53.816-0700][gc,heap       ] GC(22) Survivor regions: 4->4(9)
[2021-05-17T02:25:53.816-0700][gc,heap       ] GC(22) Old regions: 18->18
[2021-05-17T02:25:53.816-0700][gc,heap       ] GC(22) Humongous regions: 129->129
[2021-05-17T02:25:53.816-0700][gc,metaspace  ] GC(22) Metaspace: 42980K->42980K(1087488K)
[2021-05-17T02:25:53.816-0700][gc            ] GC(22) Pause Young (Normal) (G1 Evacuation Pause) 212M->148M(1024M) 17.845ms
[2021-05-17T02:25:53.816-0700][gc,cpu        ] GC(22) User=0.04s Sys=0.00s Real=0.01s
[2021-05-17T06:45:52.271-0700][gc,start      ] GC(23) Pause Young (Normal) (G1 Evacuation Pause)
[2021-05-17T06:45:52.275-0700][gc,task       ] GC(23) Using 4 workers of 4 for evacuation
[2021-05-17T06:45:52.297-0700][gc,mmu        ] GC(23) MMU target violated: 21.0ms (20.0ms/21.0ms)
[2021-05-17T06:45:52.297-0700][gc,phases     ] GC(23)   Pre Evacuate Collection Set: 2.9ms
[2021-05-17T06:45:52.297-0700][gc,phases     ] GC(23)   Evacuate Collection Set: 9.2ms
[2021-05-17T06:45:52.297-0700][gc,phases     ] GC(23)   Post Evacuate Collection Set: 9.6ms
[2021-05-17T06:45:52.297-0700][gc,phases     ] GC(23)   Other: 4.8ms
[2021-05-17T06:45:52.297-0700][gc,heap       ] GC(23) Eden regions: 610->0(611)
[2021-05-17T06:45:52.297-0700][gc,heap       ] GC(23) Survivor regions: 4->3(77)
[2021-05-17T06:45:52.297-0700][gc,heap       ] GC(23) Old regions: 18->18
[2021-05-17T06:45:52.297-0700][gc,heap       ] GC(23) Humongous regions: 129->129
[2021-05-17T06:45:52.297-0700][gc,metaspace  ] GC(23) Metaspace: 43031K->43031K(1087488K)
[2021-05-17T06:45:52.298-0700][gc            ] GC(23) Pause Young (Normal) (G1 Evacuation Pause) 758M->147M(1024M) 26.443ms
[2021-05-17T06:45:52.298-0700][gc,cpu        ] GC(23) User=0.05s Sys=0.00s Real=0.03s
[2021-05-17T12:55:00.016-0700][gc,start      ] GC(24) Pause Young (Normal) (G1 Evacuation Pause)
[2021-05-17T12:55:00.026-0700][gc,task       ] GC(24) Using 4 workers of 4 for evacuation
[2021-05-17T12:55:00.052-0700][gc,mmu        ] GC(24) MMU target violated: 21.0ms (20.0ms/21.0ms)
[2021-05-17T12:55:00.052-0700][gc,phases     ] GC(24)   Pre Evacuate Collection Set: 2.3ms
[2021-05-17T12:55:00.052-0700][gc,phases     ] GC(24)   Evacuate Collection Set: 17.8ms
[2021-05-17T12:55:00.052-0700][gc,phases     ] GC(24)   Post Evacuate Collection Set: 4.1ms
[2021-05-17T12:55:00.052-0700][gc,phases     ] GC(24)   Other: 11.4ms
[2021-05-17T12:55:00.052-0700][gc,heap       ] GC(24) Eden regions: 611->0(610)
[2021-05-17T12:55:00.052-0700][gc,heap       ] GC(24) Survivor regions: 3->4(77)
[2021-05-17T12:55:00.052-0700][gc,heap       ] GC(24) Old regions: 18->18
[2021-05-17T12:55:00.052-0700][gc,heap       ] GC(24) Humongous regions: 129->129
[2021-05-17T12:55:00.052-0700][gc,metaspace  ] GC(24) Metaspace: 43124K->43124K(1089536K)
[2021-05-17T12:55:00.053-0700][gc            ] GC(24) Pause Young (Normal) (G1 Evacuation Pause) 758M->148M(1024M) 36.213ms
[2021-05-17T12:55:00.053-0700][gc,cpu        ] GC(24) User=0.08s Sys=0.00s Real=0.03s
[2021-05-17T17:07:40.512-0700][gc,start      ] GC(25) Pause Young (Normal) (G1 Evacuation Pause)
[2021-05-17T17:07:40.522-0700][gc,task       ] GC(25) Using 4 workers of 4 for evacuation
[2021-05-17T17:07:40.549-0700][gc,mmu        ] GC(25) MMU target violated: 21.0ms (20.0ms/21.0ms)
[2021-05-17T17:07:40.549-0700][gc,phases     ] GC(25)   Pre Evacuate Collection Set: 3.7ms
[2021-05-17T17:07:40.549-0700][gc,phases     ] GC(25)   Evacuate Collection Set: 20.0ms
[2021-05-17T17:07:40.549-0700][gc,phases     ] GC(25)   Post Evacuate Collection Set: 2.5ms
[2021-05-17T17:07:40.549-0700][gc,phases     ] GC(25)   Other: 11.4ms
[2021-05-17T17:07:40.549-0700][gc,heap       ] GC(25) Eden regions: 610->0(610)
[2021-05-17T17:07:40.549-0700][gc,heap       ] GC(25) Survivor regions: 4->4(77)
[2021-05-17T17:07:40.549-0700][gc,heap       ] GC(25) Old regions: 18->18
[2021-05-17T17:07:40.549-0700][gc,heap       ] GC(25) Humongous regions: 129->129
[2021-05-17T17:07:40.550-0700][gc,metaspace  ] GC(25) Metaspace: 43189K->43189K(1089536K)
[2021-05-17T17:07:40.550-0700][gc            ] GC(25) Pause Young (Normal) (G1 Evacuation Pause) 758M->148M(1024M) 37.721ms
[2021-05-17T17:07:40.550-0700][gc,cpu        ] GC(25) User=0.06s Sys=0.00s Real=0.04s
[2021-05-18T05:22:45.468-0700][gc,start      ] GC(26) Pause Young (Normal) (G1 Evacuation Pause)
[2021-05-18T05:22:45.483-0700][gc,task       ] GC(26) Using 4 workers of 4 for evacuation
[2021-05-18T05:22:45.540-0700][gc,mmu        ] GC(26) MMU target violated: 21.0ms (20.0ms/21.0ms)
[2021-05-18T05:22:45.541-0700][gc,phases     ] GC(26)   Pre Evacuate Collection Set: 3.2ms
[2021-05-18T05:22:45.541-0700][gc,phases     ] GC(26)   Evacuate Collection Set: 45.8ms
[2021-05-18T05:22:45.541-0700][gc,phases     ] GC(26)   Post Evacuate Collection Set: 5.6ms
[2021-05-18T05:22:45.541-0700][gc,phases     ] GC(26)   Other: 19.4ms
[2021-05-18T05:22:45.541-0700][gc,heap       ] GC(26) Eden regions: 610->0(48)
[2021-05-18T05:22:45.541-0700][gc,heap       ] GC(26) Survivor regions: 4->3(77)
[2021-05-18T05:22:45.541-0700][gc,heap       ] GC(26) Old regions: 18->18
[2021-05-18T05:22:45.541-0700][gc,heap       ] GC(26) Humongous regions: 129->129
[2021-05-18T05:22:45.542-0700][gc,metaspace  ] GC(26) Metaspace: 43383K->43383K(1089536K)
[2021-05-18T05:22:45.542-0700][gc            ] GC(26) Pause Young (Normal) (G1 Evacuation Pause) 758M->147M(1024M) 73.626ms
[2021-05-18T05:22:45.542-0700][gc,cpu        ] GC(26) User=0.15s Sys=0.00s Real=0.07s
[2021-05-18T05:40:22.084-0700][gc,start      ] GC(27) Pause Young (Normal) (G1 Evacuation Pause)
[2021-05-18T05:40:22.087-0700][gc,task       ] GC(27) Using 4 workers of 4 for evacuation
[2021-05-18T05:40:22.111-0700][gc,mmu        ] GC(27) MMU target violated: 21.0ms (20.0ms/21.0ms)
[2021-05-18T05:40:22.112-0700][gc,phases     ] GC(27)   Pre Evacuate Collection Set: 1.8ms
[2021-05-18T05:40:22.112-0700][gc,phases     ] GC(27)   Evacuate Collection Set: 17.1ms
[2021-05-18T05:40:22.112-0700][gc,phases     ] GC(27)   Post Evacuate Collection Set: 2.8ms
[2021-05-18T05:40:22.112-0700][gc,phases     ] GC(27)   Other: 17.6ms
[2021-05-18T05:40:22.112-0700][gc,heap       ] GC(27) Eden regions: 48->0(48)
[2021-05-18T05:40:22.112-0700][gc,heap       ] GC(27) Survivor regions: 3->3(7)
[2021-05-18T05:40:22.112-0700][gc,heap       ] GC(27) Old regions: 18->18
[2021-05-18T05:40:22.112-0700][gc,heap       ] GC(27) Humongous regions: 129->129
[2021-05-18T05:40:22.113-0700][gc,metaspace  ] GC(27) Metaspace: 43385K->43385K(1089536K)
[2021-05-18T05:40:22.113-0700][gc            ] GC(27) Pause Young (Normal) (G1 Evacuation Pause) 195M->147M(1024M) 37.823ms
[2021-05-18T05:40:22.113-0700][gc,cpu        ] GC(27) User=0.05s Sys=0.00s Real=0.04s
[2021-05-18T05:56:52.622-0700][gc,start      ] GC(28) Pause Young (Normal) (G1 Evacuation Pause)
[2021-05-18T05:56:52.625-0700][gc,task       ] GC(28) Using 4 workers of 4 for evacuation
[2021-05-18T05:56:52.648-0700][gc,mmu        ] GC(28) MMU target violated: 20.7ms (20.0ms/21.0ms)
[2021-05-18T05:56:52.649-0700][gc,phases     ] GC(28)   Pre Evacuate Collection Set: 3.0ms
[2021-05-18T05:56:52.649-0700][gc,phases     ] GC(28)   Evacuate Collection Set: 15.0ms
[2021-05-18T05:56:52.649-0700][gc,phases     ] GC(28)   Post Evacuate Collection Set: 2.1ms
[2021-05-18T05:56:52.649-0700][gc,phases     ] GC(28)   Other: 17.7ms
[2021-05-18T05:56:52.649-0700][gc,heap       ] GC(28) Eden regions: 48->0(48)
[2021-05-18T05:56:52.649-0700][gc,heap       ] GC(28) Survivor regions: 3->3(7)
[2021-05-18T05:56:52.649-0700][gc,heap       ] GC(28) Old regions: 18->18
[2021-05-18T05:56:52.649-0700][gc,heap       ] GC(28) Humongous regions: 129->129
[2021-05-18T05:56:52.649-0700][gc,metaspace  ] GC(28) Metaspace: 43386K->43386K(1089536K)
[2021-05-18T05:56:52.649-0700][gc            ] GC(28) Pause Young (Normal) (G1 Evacuation Pause) 195M->147M(1024M) 27.332ms
[2021-05-18T05:56:52.649-0700][gc,cpu        ] GC(28) User=0.00s Sys=0.05s Real=0.03s
[2021-05-18T06:14:43.094-0700][gc,start      ] GC(29) Pause Young (Normal) (G1 Evacuation Pause)
[2021-05-18T06:14:43.109-0700][gc,task       ] GC(29) Using 4 workers of 4 for evacuation
[2021-05-18T06:14:46.133-0700][gc,mmu        ] GC(29) MMU target violated: 21.0ms (20.0ms/21.0ms)
[2021-05-18T06:14:46.653-0700][gc,phases     ] GC(29)   Pre Evacuate Collection Set: 8.2ms
[2021-05-18T06:14:47.817-0700][gc,phases     ] GC(29)   Evacuate Collection Set: 1603.5ms
[2021-05-18T06:14:48.093-0700][gc,phases     ] GC(29)   Post Evacuate Collection Set: 1188.6ms
[2021-05-18T06:14:48.114-0700][gc,phases     ] GC(29)   Other: 589.2ms
[2021-05-18T06:14:48.116-0700][gc,heap       ] GC(29) Eden regions: 48->0(48)
[2021-05-18T06:14:48.117-0700][gc,heap       ] GC(29) Survivor regions: 3->3(7)
[2021-05-18T06:14:48.117-0700][gc,heap       ] GC(29) Old regions: 18->18
[2021-05-18T06:14:48.117-0700][gc,heap       ] GC(29) Humongous regions: 129->129
[2021-05-18T06:14:48.125-0700][gc,metaspace  ] GC(29) Metaspace: 43392K->43392K(1089536K)
[2021-05-18T06:14:48.170-0700][gc            ] GC(29) Pause Young (Normal) (G1 Evacuation Pause) 195M->147M(1024M) 5080.592ms
[2021-05-18T06:14:48.185-0700][gc,cpu        ] GC(29) User=0.00s Sys=0.53s Real=5.14s
