[2021-05-13T15:46:32.033-0700][gc,heap] Heap region size: 1M
[2021-05-13T15:46:32.040-0700][gc     ] Using G1
[2021-05-13T15:46:32.040-0700][gc,heap,coops] Heap address: 0x00000000c0000000, size: 1024 MB, Compressed Oops mode: 32-bit
[2021-05-13T15:46:32.041-0700][gc,cds       ] Mark closed archive regions in map: [0x00000000fff00000, 0x00000000fff6aff8]
[2021-05-13T15:46:32.041-0700][gc,cds       ] Mark open archive regions in map: [0x00000000ffe00000, 0x00000000ffe46ff8]
[2021-05-13T15:46:32.853-0700][gc,start     ] GC(0) Pause Young (Normal) (G1 Evacuation Pause)
[2021-05-13T15:46:32.854-0700][gc,task      ] GC(0) Using 4 workers of 4 for evacuation
[2021-05-13T15:46:32.865-0700][gc,phases    ] GC(0)   Pre Evacuate Collection Set: 0.1ms
[2021-05-13T15:46:32.865-0700][gc,phases    ] GC(0)   Evacuate Collection Set: 10.3ms
[2021-05-13T15:46:32.865-0700][gc,phases    ] GC(0)   Post Evacuate Collection Set: 0.7ms
[2021-05-13T15:46:32.865-0700][gc,phases    ] GC(0)   Other: 0.9ms
[2021-05-13T15:46:32.865-0700][gc,heap      ] GC(0) Eden regions: 51->0(44)
[2021-05-13T15:46:32.865-0700][gc,heap      ] GC(0) Survivor regions: 0->7(7)
[2021-05-13T15:46:32.865-0700][gc,heap      ] GC(0) Old regions: 2->2
[2021-05-13T15:46:32.865-0700][gc,heap      ] GC(0) Humongous regions: 0->0
[2021-05-13T15:46:32.865-0700][gc,metaspace ] GC(0) Metaspace: 15419K->15419K(1062912K)
[2021-05-13T15:46:32.865-0700][gc           ] GC(0) Pause Young (Normal) (G1 Evacuation Pause) 51M->7M(1024M) 11.976ms
[2021-05-13T15:46:32.865-0700][gc,cpu       ] GC(0) User=0.02s Sys=0.01s Real=0.00s
[2021-05-13T15:46:33.213-0700][gc,start     ] GC(1) Pause Young (Concurrent Start) (Metadata GC Threshold)
[2021-05-13T15:46:33.213-0700][gc,task      ] GC(1) Using 4 workers of 4 for evacuation
[2021-05-13T15:46:33.224-0700][gc,phases    ] GC(1)   Pre Evacuate Collection Set: 0.0ms
[2021-05-13T15:46:33.224-0700][gc,phases    ] GC(1)   Evacuate Collection Set: 9.7ms
[2021-05-13T15:46:33.224-0700][gc,phases    ] GC(1)   Post Evacuate Collection Set: 0.6ms
[2021-05-13T15:46:33.224-0700][gc,phases    ] GC(1)   Other: 0.2ms
[2021-05-13T15:46:33.224-0700][gc,heap      ] GC(1) Eden regions: 22->0(49)
[2021-05-13T15:46:33.224-0700][gc,heap      ] GC(1) Survivor regions: 7->2(7)
[2021-05-13T15:46:33.224-0700][gc,heap      ] GC(1) Old regions: 2->9
[2021-05-13T15:46:33.224-0700][gc,heap      ] GC(1) Humongous regions: 0->0
[2021-05-13T15:46:33.224-0700][gc,metaspace ] GC(1) Metaspace: 20567K->20567K(1067008K)
[2021-05-13T15:46:33.224-0700][gc           ] GC(1) Pause Young (Concurrent Start) (Metadata GC Threshold) 28M->8M(1024M) 10.634ms
[2021-05-13T15:46:33.224-0700][gc,cpu       ] GC(1) User=0.02s Sys=0.01s Real=0.00s
[2021-05-13T15:46:33.224-0700][gc           ] GC(2) Concurrent Cycle
[2021-05-13T15:46:33.224-0700][gc,marking   ] GC(2) Concurrent Clear Claimed Marks
[2021-05-13T15:46:33.224-0700][gc,marking   ] GC(2) Concurrent Clear Claimed Marks 0.056ms
[2021-05-13T15:46:33.224-0700][gc,marking   ] GC(2) Concurrent Scan Root Regions
[2021-05-13T15:46:33.225-0700][gc,marking   ] GC(2) Concurrent Scan Root Regions 1.068ms
[2021-05-13T15:46:33.225-0700][gc,marking   ] GC(2) Concurrent Mark (1.195s)
[2021-05-13T15:46:33.225-0700][gc,marking   ] GC(2) Concurrent Mark From Roots
[2021-05-13T15:46:33.225-0700][gc,task      ] GC(2) Using 1 workers of 1 for marking
[2021-05-13T15:46:33.235-0700][gc,marking   ] GC(2) Concurrent Mark From Roots 9.258ms
[2021-05-13T15:46:33.235-0700][gc,marking   ] GC(2) Concurrent Preclean
[2021-05-13T15:46:33.235-0700][gc,marking   ] GC(2) Concurrent Preclean 0.102ms
[2021-05-13T15:46:33.235-0700][gc,marking   ] GC(2) Concurrent Mark (1.195s, 1.204s) 9.427ms
[2021-05-13T15:46:33.235-0700][gc,start     ] GC(2) Pause Remark
[2021-05-13T15:46:33.237-0700][gc,stringtable] GC(2) Cleaned string and symbol table, strings: 5107 processed, 0 removed, symbols: 50998 processed, 45 removed
[2021-05-13T15:46:33.237-0700][gc            ] GC(2) Pause Remark 8M->8M(1024M) 2.343ms
[2021-05-13T15:46:33.237-0700][gc,cpu        ] GC(2) User=0.00s Sys=0.01s Real=0.00s
[2021-05-13T15:46:33.243-0700][gc,marking    ] GC(2) Concurrent Rebuild Remembered Sets
[2021-05-13T15:46:33.248-0700][gc,marking    ] GC(2) Concurrent Rebuild Remembered Sets 5.059ms
[2021-05-13T15:46:33.248-0700][gc,start      ] GC(2) Pause Cleanup
[2021-05-13T15:46:33.248-0700][gc            ] GC(2) Pause Cleanup 9M->9M(1024M) 0.211ms
[2021-05-13T15:46:33.248-0700][gc,cpu        ] GC(2) User=0.00s Sys=0.00s Real=0.00s
[2021-05-13T15:46:33.248-0700][gc,marking    ] GC(2) Concurrent Cleanup for Next Mark
[2021-05-13T15:46:33.349-0700][gc,marking    ] GC(2) Concurrent Cleanup for Next Mark 101.380ms
[2021-05-13T15:46:33.349-0700][gc            ] GC(2) Concurrent Cycle 125.353ms
[2021-05-13T15:46:34.729-0700][gc,start      ] GC(3) Pause Young (Concurrent Start) (G1 Evacuation Pause)
[2021-05-13T15:46:34.729-0700][gc,task       ] GC(3) Using 4 workers of 4 for evacuation
[2021-05-13T15:46:34.736-0700][gc,phases     ] GC(3)   Pre Evacuate Collection Set: 0.1ms
[2021-05-13T15:46:34.736-0700][gc,phases     ] GC(3)   Evacuate Collection Set: 6.2ms
[2021-05-13T15:46:34.736-0700][gc,phases     ] GC(3)   Post Evacuate Collection Set: 0.5ms
[2021-05-13T15:46:34.736-0700][gc,phases     ] GC(3)   Other: 0.5ms
[2021-05-13T15:46:34.736-0700][gc,heap       ] GC(3) Eden regions: 49->0(46)
[2021-05-13T15:46:34.736-0700][gc,heap       ] GC(3) Survivor regions: 2->5(7)
[2021-05-13T15:46:34.736-0700][gc,heap       ] GC(3) Old regions: 9->9
[2021-05-13T15:46:34.736-0700][gc,heap       ] GC(3) Humongous regions: 129->129
[2021-05-13T15:46:34.736-0700][gc,metaspace  ] GC(3) Metaspace: 29795K->29795K(1077248K)
[2021-05-13T15:46:34.736-0700][gc            ] GC(3) Pause Young (Concurrent Start) (G1 Evacuation Pause) 186M->140M(1024M) 7.382ms
[2021-05-13T15:46:34.736-0700][gc,cpu        ] GC(3) User=0.02s Sys=0.01s Real=0.01s
[2021-05-13T15:46:34.736-0700][gc            ] GC(4) Concurrent Cycle
[2021-05-13T15:46:34.736-0700][gc,marking    ] GC(4) Concurrent Clear Claimed Marks
[2021-05-13T15:46:34.736-0700][gc,marking    ] GC(4) Concurrent Clear Claimed Marks 0.081ms
[2021-05-13T15:46:34.736-0700][gc,marking    ] GC(4) Concurrent Scan Root Regions
[2021-05-13T15:46:34.739-0700][gc,marking    ] GC(4) Concurrent Scan Root Regions 2.739ms
[2021-05-13T15:46:34.739-0700][gc,marking    ] GC(4) Concurrent Mark (2.709s)
[2021-05-13T15:46:34.739-0700][gc,marking    ] GC(4) Concurrent Mark From Roots
[2021-05-13T15:46:34.739-0700][gc,task       ] GC(4) Using 1 workers of 1 for marking
[2021-05-13T15:46:34.748-0700][gc,marking    ] GC(4) Concurrent Mark From Roots 9.223ms
[2021-05-13T15:46:34.748-0700][gc,marking    ] GC(4) Concurrent Preclean
[2021-05-13T15:46:34.748-0700][gc,marking    ] GC(4) Concurrent Preclean 0.066ms
[2021-05-13T15:46:34.748-0700][gc,marking    ] GC(4) Concurrent Mark (2.709s, 2.718s) 9.344ms
[2021-05-13T15:46:34.749-0700][gc,start      ] GC(4) Pause Remark
[2021-05-13T15:46:34.751-0700][gc,stringtable] GC(4) Cleaned string and symbol table, strings: 8900 processed, 12 removed, symbols: 70158 processed, 18 removed
[2021-05-13T15:46:34.752-0700][gc            ] GC(4) Pause Remark 141M->141M(1024M) 3.166ms
[2021-05-13T15:46:34.752-0700][gc,cpu        ] GC(4) User=0.00s Sys=0.01s Real=0.00s
[2021-05-13T15:46:34.752-0700][gc,marking    ] GC(4) Concurrent Rebuild Remembered Sets
[2021-05-13T15:46:34.756-0700][gc,marking    ] GC(4) Concurrent Rebuild Remembered Sets 4.468ms
[2021-05-13T15:46:34.756-0700][gc,start      ] GC(4) Pause Cleanup
[2021-05-13T15:46:34.757-0700][gc            ] GC(4) Pause Cleanup 141M->141M(1024M) 0.203ms
[2021-05-13T15:46:34.757-0700][gc,cpu        ] GC(4) User=0.00s Sys=0.00s Real=0.00s
[2021-05-13T15:46:34.757-0700][gc,marking    ] GC(4) Concurrent Cleanup for Next Mark
[2021-05-13T15:46:34.932-0700][gc,marking    ] GC(4) Concurrent Cleanup for Next Mark 175.486ms
[2021-05-13T15:46:34.932-0700][gc            ] GC(4) Concurrent Cycle 195.974ms
[2021-05-13T16:01:04.269-0700][gc,start      ] GC(5) Pause Young (Normal) (G1 Evacuation Pause)
[2021-05-13T16:01:04.269-0700][gc,task       ] GC(5) Using 4 workers of 4 for evacuation
[2021-05-13T16:01:04.297-0700][gc,mmu        ] GC(5) MMU target violated: 21.0ms (20.0ms/21.0ms)
[2021-05-13T16:01:04.297-0700][gc,phases     ] GC(5)   Pre Evacuate Collection Set: 0.6ms
[2021-05-13T16:01:04.297-0700][gc,phases     ] GC(5)   Evacuate Collection Set: 25.0ms
[2021-05-13T16:01:04.297-0700][gc,phases     ] GC(5)   Post Evacuate Collection Set: 1.7ms
[2021-05-13T16:01:04.297-0700][gc,phases     ] GC(5)   Other: 0.9ms
[2021-05-13T16:01:04.297-0700][gc,heap       ] GC(5) Eden regions: 46->0(48)
[2021-05-13T16:01:04.297-0700][gc,heap       ] GC(5) Survivor regions: 5->3(7)
[2021-05-13T16:01:04.297-0700][gc,heap       ] GC(5) Old regions: 9->13
[2021-05-13T16:01:04.297-0700][gc,heap       ] GC(5) Humongous regions: 129->129
[2021-05-13T16:01:04.297-0700][gc,metaspace  ] GC(5) Metaspace: 38409K->38409K(1083392K)
[2021-05-13T16:01:04.297-0700][gc            ] GC(5) Pause Young (Normal) (G1 Evacuation Pause) 186M->142M(1024M) 28.346ms
[2021-05-13T16:01:04.297-0700][gc,cpu        ] GC(5) User=0.09s Sys=0.00s Real=0.03s
[2021-05-13T16:31:57.537-0700][gc,start      ] GC(6) Pause Young (Normal) (G1 Evacuation Pause)
[2021-05-13T16:31:57.537-0700][gc,task       ] GC(6) Using 4 workers of 4 for evacuation
[2021-05-13T16:31:57.550-0700][gc,phases     ] GC(6)   Pre Evacuate Collection Set: 3.1ms
[2021-05-13T16:31:57.550-0700][gc,phases     ] GC(6)   Evacuate Collection Set: 8.1ms
[2021-05-13T16:31:57.550-0700][gc,phases     ] GC(6)   Post Evacuate Collection Set: 1.2ms
[2021-05-13T16:31:57.550-0700][gc,phases     ] GC(6)   Other: 0.5ms
[2021-05-13T16:31:57.550-0700][gc,heap       ] GC(6) Eden regions: 48->0(47)
[2021-05-13T16:31:57.551-0700][gc,heap       ] GC(6) Survivor regions: 3->4(7)
[2021-05-13T16:31:57.551-0700][gc,heap       ] GC(6) Old regions: 13->13
[2021-05-13T16:31:57.551-0700][gc,heap       ] GC(6) Humongous regions: 129->129
[2021-05-13T16:31:57.551-0700][gc,metaspace  ] GC(6) Metaspace: 42267K->42267K(1087488K)
[2021-05-13T16:31:57.551-0700][gc            ] GC(6) Pause Young (Normal) (G1 Evacuation Pause) 190M->144M(1024M) 13.565ms
[2021-05-13T16:31:57.551-0700][gc,cpu        ] GC(6) User=0.03s Sys=0.00s Real=0.02s
[2021-05-13T16:31:57.580-0700][gc,heap,exit  ] Heap
[2021-05-13T16:31:57.580-0700][gc,heap,exit  ]  garbage-first heap   total 1048576K, used 151171K [0x00000000c0000000, 0x0000000100000000)
[2021-05-13T16:31:57.580-0700][gc,heap,exit  ]   region size 1024K, 8 young (8192K), 4 survivors (4096K)
[2021-05-13T16:31:57.580-0700][gc,heap,exit  ]  Metaspace       used 42313K, capacity 45054K, committed 45436K, reserved 1087488K
[2021-05-13T16:31:57.580-0700][gc,heap,exit  ]   class space    used 5773K, capacity 7165K, committed 7292K, reserved 1048576K
