[2021-05-14T10:44:51.210-0700][gc,heap] Heap region size: 1M
[2021-05-14T10:44:51.220-0700][gc     ] Using G1
[2021-05-14T10:44:51.220-0700][gc,heap,coops] Heap address: 0x00000000c0000000, size: 1024 MB, Compressed Oops mode: 32-bit
[2021-05-14T10:44:51.222-0700][gc,cds       ] Mark closed archive regions in map: [0x00000000fff00000, 0x00000000fff6aff8]
[2021-05-14T10:44:51.222-0700][gc,cds       ] Mark open archive regions in map: [0x00000000ffe00000, 0x00000000ffe46ff8]
[2021-05-14T10:44:52.437-0700][gc,start     ] GC(0) Pause Young (Normal) (G1 Evacuation Pause)
[2021-05-14T10:44:52.438-0700][gc,task      ] GC(0) Using 4 workers of 4 for evacuation
[2021-05-14T10:44:52.454-0700][gc,phases    ] GC(0)   Pre Evacuate Collection Set: 0.0ms
[2021-05-14T10:44:52.454-0700][gc,phases    ] GC(0)   Evacuate Collection Set: 15.9ms
[2021-05-14T10:44:52.454-0700][gc,phases    ] GC(0)   Post Evacuate Collection Set: 0.5ms
[2021-05-14T10:44:52.454-0700][gc,phases    ] GC(0)   Other: 0.8ms
[2021-05-14T10:44:52.454-0700][gc,heap      ] GC(0) Eden regions: 51->0(44)
[2021-05-14T10:44:52.454-0700][gc,heap      ] GC(0) Survivor regions: 0->7(7)
[2021-05-14T10:44:52.454-0700][gc,heap      ] GC(0) Old regions: 2->2
[2021-05-14T10:44:52.454-0700][gc,heap      ] GC(0) Humongous regions: 0->0
[2021-05-14T10:44:52.454-0700][gc,metaspace ] GC(0) Metaspace: 15414K->15414K(1062912K)
[2021-05-14T10:44:52.454-0700][gc           ] GC(0) Pause Young (Normal) (G1 Evacuation Pause) 51M->7M(1024M) 17.375ms
[2021-05-14T10:44:52.454-0700][gc,cpu       ] GC(0) User=0.02s Sys=0.02s Real=0.02s
[2021-05-14T10:44:52.878-0700][gc,start     ] GC(1) Pause Young (Concurrent Start) (Metadata GC Threshold)
[2021-05-14T10:44:52.878-0700][gc,task      ] GC(1) Using 4 workers of 4 for evacuation
[2021-05-14T10:44:52.890-0700][gc,phases    ] GC(1)   Pre Evacuate Collection Set: 0.1ms
[2021-05-14T10:44:52.890-0700][gc,phases    ] GC(1)   Evacuate Collection Set: 11.5ms
[2021-05-14T10:44:52.890-0700][gc,phases    ] GC(1)   Post Evacuate Collection Set: 0.5ms
[2021-05-14T10:44:52.890-0700][gc,phases    ] GC(1)   Other: 0.3ms
[2021-05-14T10:44:52.890-0700][gc,heap      ] GC(1) Eden regions: 21->0(50)
[2021-05-14T10:44:52.890-0700][gc,heap      ] GC(1) Survivor regions: 7->1(7)
[2021-05-14T10:44:52.890-0700][gc,heap      ] GC(1) Old regions: 2->9
[2021-05-14T10:44:52.890-0700][gc,heap      ] GC(1) Humongous regions: 0->0
[2021-05-14T10:44:52.890-0700][gc,metaspace ] GC(1) Metaspace: 20487K->20487K(1067008K)
[2021-05-14T10:44:52.890-0700][gc           ] GC(1) Pause Young (Concurrent Start) (Metadata GC Threshold) 27M->8M(1024M) 12.409ms
[2021-05-14T10:44:52.890-0700][gc,cpu       ] GC(1) User=0.01s Sys=0.02s Real=0.02s
[2021-05-14T10:44:52.890-0700][gc           ] GC(2) Concurrent Cycle
[2021-05-14T10:44:52.890-0700][gc,marking   ] GC(2) Concurrent Clear Claimed Marks
[2021-05-14T10:44:52.890-0700][gc,marking   ] GC(2) Concurrent Clear Claimed Marks 0.029ms
[2021-05-14T10:44:52.890-0700][gc,marking   ] GC(2) Concurrent Scan Root Regions
[2021-05-14T10:44:52.891-0700][gc,marking   ] GC(2) Concurrent Scan Root Regions 0.944ms
[2021-05-14T10:44:52.891-0700][gc,marking   ] GC(2) Concurrent Mark (1.685s)
[2021-05-14T10:44:52.891-0700][gc,marking   ] GC(2) Concurrent Mark From Roots
[2021-05-14T10:44:52.891-0700][gc,task      ] GC(2) Using 1 workers of 1 for marking
[2021-05-14T10:44:52.901-0700][gc,marking   ] GC(2) Concurrent Mark From Roots 9.580ms
[2021-05-14T10:44:52.901-0700][gc,marking   ] GC(2) Concurrent Preclean
[2021-05-14T10:44:52.901-0700][gc,marking   ] GC(2) Concurrent Preclean 0.072ms
[2021-05-14T10:44:52.901-0700][gc,marking   ] GC(2) Concurrent Mark (1.685s, 1.694s) 9.688ms
[2021-05-14T10:44:52.903-0700][gc,start     ] GC(2) Pause Remark
[2021-05-14T10:44:52.904-0700][gc,stringtable] GC(2) Cleaned string and symbol table, strings: 5037 processed, 0 removed, symbols: 49934 processed, 44 removed
[2021-05-14T10:44:52.905-0700][gc            ] GC(2) Pause Remark 9M->9M(1024M) 1.888ms
[2021-05-14T10:44:52.905-0700][gc,cpu        ] GC(2) User=0.00s Sys=0.00s Real=0.00s
[2021-05-14T10:44:52.905-0700][gc,marking    ] GC(2) Concurrent Rebuild Remembered Sets
[2021-05-14T10:44:52.910-0700][gc,marking    ] GC(2) Concurrent Rebuild Remembered Sets 5.333ms
[2021-05-14T10:44:52.916-0700][gc,start      ] GC(2) Pause Cleanup
[2021-05-14T10:44:52.916-0700][gc            ] GC(2) Pause Cleanup 9M->9M(1024M) 0.457ms
[2021-05-14T10:44:52.916-0700][gc,cpu        ] GC(2) User=0.00s Sys=0.00s Real=0.00s
[2021-05-14T10:44:52.916-0700][gc,marking    ] GC(2) Concurrent Cleanup for Next Mark
[2021-05-14T10:44:52.971-0700][gc,marking    ] GC(2) Concurrent Cleanup for Next Mark 55.197ms
[2021-05-14T10:44:52.971-0700][gc            ] GC(2) Concurrent Cycle 81.327ms
[2021-05-14T10:44:54.358-0700][gc,start      ] GC(3) Pause Young (Normal) (G1 Evacuation Pause)
[2021-05-14T10:44:54.359-0700][gc,task       ] GC(3) Using 4 workers of 4 for evacuation
[2021-05-14T10:44:54.379-0700][gc,mmu        ] GC(3) MMU target violated: 20.2ms (20.0ms/21.0ms)
[2021-05-14T10:44:54.379-0700][gc,phases     ] GC(3)   Pre Evacuate Collection Set: 0.0ms
[2021-05-14T10:44:54.379-0700][gc,phases     ] GC(3)   Evacuate Collection Set: 18.9ms
[2021-05-14T10:44:54.379-0700][gc,phases     ] GC(3)   Post Evacuate Collection Set: 1.1ms
[2021-05-14T10:44:54.379-0700][gc,phases     ] GC(3)   Other: 0.4ms
[2021-05-14T10:44:54.379-0700][gc,heap       ] GC(3) Eden regions: 50->0(46)
[2021-05-14T10:44:54.379-0700][gc,heap       ] GC(3) Survivor regions: 1->5(7)
[2021-05-14T10:44:54.379-0700][gc,heap       ] GC(3) Old regions: 9->9
[2021-05-14T10:44:54.379-0700][gc,heap       ] GC(3) Humongous regions: 129->129
[2021-05-14T10:44:54.379-0700][gc,metaspace  ] GC(3) Metaspace: 28960K->28960K(1075200K)
[2021-05-14T10:44:54.379-0700][gc            ] GC(3) Pause Young (Normal) (G1 Evacuation Pause) 187M->140M(1024M) 20.471ms
[2021-05-14T10:44:54.379-0700][gc,cpu        ] GC(3) User=0.05s Sys=0.01s Real=0.02s
[2021-05-14T10:44:54.851-0700][gc,start      ] GC(4) Pause Young (Concurrent Start) (Metadata GC Threshold)
[2021-05-14T10:44:54.851-0700][gc,task       ] GC(4) Using 4 workers of 4 for evacuation
[2021-05-14T10:44:54.859-0700][gc,phases     ] GC(4)   Pre Evacuate Collection Set: 0.1ms
[2021-05-14T10:44:54.859-0700][gc,phases     ] GC(4)   Evacuate Collection Set: 6.3ms
[2021-05-14T10:44:54.859-0700][gc,phases     ] GC(4)   Post Evacuate Collection Set: 1.2ms
[2021-05-14T10:44:54.859-0700][gc,phases     ] GC(4)   Other: 0.3ms
[2021-05-14T10:44:54.859-0700][gc,heap       ] GC(4) Eden regions: 26->0(45)
[2021-05-14T10:44:54.859-0700][gc,heap       ] GC(4) Survivor regions: 5->6(7)
[2021-05-14T10:44:54.859-0700][gc,heap       ] GC(4) Old regions: 9->10
[2021-05-14T10:44:54.859-0700][gc,heap       ] GC(4) Humongous regions: 129->129
[2021-05-14T10:44:54.859-0700][gc,metaspace  ] GC(4) Metaspace: 34120K->34120K(1081344K)
[2021-05-14T10:44:54.859-0700][gc            ] GC(4) Pause Young (Concurrent Start) (Metadata GC Threshold) 165M->142M(1024M) 8.006ms
[2021-05-14T10:44:54.859-0700][gc,cpu        ] GC(4) User=0.02s Sys=0.00s Real=0.00s
[2021-05-14T10:44:54.859-0700][gc            ] GC(5) Concurrent Cycle
[2021-05-14T10:44:54.859-0700][gc,marking    ] GC(5) Concurrent Clear Claimed Marks
[2021-05-14T10:44:54.859-0700][gc,marking    ] GC(5) Concurrent Clear Claimed Marks 0.116ms
[2021-05-14T10:44:54.859-0700][gc,marking    ] GC(5) Concurrent Scan Root Regions
[2021-05-14T10:44:54.862-0700][gc,marking    ] GC(5) Concurrent Scan Root Regions 2.883ms
[2021-05-14T10:44:54.862-0700][gc,marking    ] GC(5) Concurrent Mark (3.656s)
[2021-05-14T10:44:54.862-0700][gc,marking    ] GC(5) Concurrent Mark From Roots
[2021-05-14T10:44:54.862-0700][gc,task       ] GC(5) Using 1 workers of 1 for marking
[2021-05-14T10:44:54.877-0700][gc,marking    ] GC(5) Concurrent Mark From Roots 14.534ms
[2021-05-14T10:44:54.877-0700][gc,marking    ] GC(5) Concurrent Preclean
[2021-05-14T10:44:54.877-0700][gc,marking    ] GC(5) Concurrent Preclean 0.059ms
[2021-05-14T10:44:54.877-0700][gc,marking    ] GC(5) Concurrent Mark (3.656s, 3.671s) 14.693ms
[2021-05-14T10:44:54.882-0700][gc,start      ] GC(5) Pause Remark
[2021-05-14T10:44:54.885-0700][gc,stringtable] GC(5) Cleaned string and symbol table, strings: 9733 processed, 12 removed, symbols: 78882 processed, 18 removed
[2021-05-14T10:44:54.885-0700][gc            ] GC(5) Pause Remark 143M->143M(1024M) 3.425ms
[2021-05-14T10:44:54.885-0700][gc,cpu        ] GC(5) User=0.01s Sys=0.01s Real=0.00s
[2021-05-14T10:44:54.885-0700][gc,marking    ] GC(5) Concurrent Rebuild Remembered Sets
[2021-05-14T10:44:54.892-0700][gc,marking    ] GC(5) Concurrent Rebuild Remembered Sets 6.767ms
[2021-05-14T10:44:54.897-0700][gc,start      ] GC(5) Pause Cleanup
[2021-05-14T10:44:54.897-0700][gc            ] GC(5) Pause Cleanup 143M->143M(1024M) 0.319ms
[2021-05-14T10:44:54.897-0700][gc,cpu        ] GC(5) User=0.00s Sys=0.00s Real=0.00s
[2021-05-14T10:44:54.897-0700][gc,marking    ] GC(5) Concurrent Cleanup for Next Mark
[2021-05-14T10:44:55.023-0700][gc,marking    ] GC(5) Concurrent Cleanup for Next Mark 126.225ms
[2021-05-14T10:44:55.023-0700][gc            ] GC(5) Concurrent Cycle 163.847ms
[2021-05-14T10:54:40.118-0700][gc,start      ] GC(6) Pause Young (Normal) (G1 Evacuation Pause)
[2021-05-14T10:54:40.118-0700][gc,task       ] GC(6) Using 4 workers of 4 for evacuation
[2021-05-14T10:54:40.135-0700][gc,phases     ] GC(6)   Pre Evacuate Collection Set: 0.1ms
[2021-05-14T10:54:40.135-0700][gc,phases     ] GC(6)   Evacuate Collection Set: 15.8ms
[2021-05-14T10:54:40.135-0700][gc,phases     ] GC(6)   Post Evacuate Collection Set: 0.7ms
[2021-05-14T10:54:40.135-0700][gc,phases     ] GC(6)   Other: 0.3ms
[2021-05-14T10:54:40.135-0700][gc,heap       ] GC(6) Eden regions: 45->0(47)
[2021-05-14T10:54:40.135-0700][gc,heap       ] GC(6) Survivor regions: 6->4(7)
[2021-05-14T10:54:40.135-0700][gc,heap       ] GC(6) Old regions: 10->13
[2021-05-14T10:54:40.135-0700][gc,heap       ] GC(6) Humongous regions: 135->129
[2021-05-14T10:54:40.135-0700][gc,metaspace  ] GC(6) Metaspace: 40114K->40114K(1085440K)
[2021-05-14T10:54:40.135-0700][gc            ] GC(6) Pause Young (Normal) (G1 Evacuation Pause) 193M->144M(1024M) 16.982ms
[2021-05-14T10:54:40.135-0700][gc,cpu        ] GC(6) User=0.05s Sys=0.00s Real=0.02s
[2021-05-14T11:07:12.591-0700][gc,start      ] GC(7) Pause Young (Normal) (G1 Evacuation Pause)
[2021-05-14T11:07:12.592-0700][gc,task       ] GC(7) Using 4 workers of 4 for evacuation
[2021-05-14T11:07:12.597-0700][gc,phases     ] GC(7)   Pre Evacuate Collection Set: 0.1ms
[2021-05-14T11:07:12.598-0700][gc,phases     ] GC(7)   Evacuate Collection Set: 4.9ms
[2021-05-14T11:07:12.598-0700][gc,phases     ] GC(7)   Post Evacuate Collection Set: 0.6ms
[2021-05-14T11:07:12.598-0700][gc,phases     ] GC(7)   Other: 0.8ms
[2021-05-14T11:07:12.598-0700][gc,heap       ] GC(7) Eden regions: 47->0(46)
[2021-05-14T11:07:12.598-0700][gc,heap       ] GC(7) Survivor regions: 4->5(7)
[2021-05-14T11:07:12.598-0700][gc,heap       ] GC(7) Old regions: 13->15
[2021-05-14T11:07:12.598-0700][gc,heap       ] GC(7) Humongous regions: 129->129
[2021-05-14T11:07:12.598-0700][gc,metaspace  ] GC(7) Metaspace: 42195K->42195K(1087488K)
[2021-05-14T11:07:12.598-0700][gc            ] GC(7) Pause Young (Normal) (G1 Evacuation Pause) 191M->146M(1024M) 6.476ms
[2021-05-14T11:07:12.598-0700][gc,cpu        ] GC(7) User=0.02s Sys=0.00s Real=0.00s
[2021-05-14T11:23:56.716-0700][gc,start      ] GC(8) Pause Young (Normal) (G1 Evacuation Pause)
[2021-05-14T11:23:56.716-0700][gc,task       ] GC(8) Using 4 workers of 4 for evacuation
[2021-05-14T11:23:56.723-0700][gc,phases     ] GC(8)   Pre Evacuate Collection Set: 0.7ms
[2021-05-14T11:23:56.724-0700][gc,phases     ] GC(8)   Evacuate Collection Set: 5.4ms
[2021-05-14T11:23:56.724-0700][gc,phases     ] GC(8)   Post Evacuate Collection Set: 0.5ms
[2021-05-14T11:23:56.724-0700][gc,phases     ] GC(8)   Other: 0.8ms
[2021-05-14T11:23:56.724-0700][gc,heap       ] GC(8) Eden regions: 46->0(47)
[2021-05-14T11:23:56.724-0700][gc,heap       ] GC(8) Survivor regions: 5->4(7)
[2021-05-14T11:23:56.724-0700][gc,heap       ] GC(8) Old regions: 15->17
[2021-05-14T11:23:56.724-0700][gc,heap       ] GC(8) Humongous regions: 129->129
[2021-05-14T11:23:56.724-0700][gc,metaspace  ] GC(8) Metaspace: 42395K->42395K(1087488K)
[2021-05-14T11:23:56.724-0700][gc            ] GC(8) Pause Young (Normal) (G1 Evacuation Pause) 192M->148M(1024M) 7.470ms
[2021-05-14T11:23:56.724-0700][gc,cpu        ] GC(8) User=0.02s Sys=0.01s Real=0.01s
[2021-05-14T11:53:40.365-0700][gc,start      ] GC(9) Pause Young (Normal) (G1 Evacuation Pause)
[2021-05-14T11:53:40.368-0700][gc,task       ] GC(9) Using 4 workers of 4 for evacuation
[2021-05-14T11:53:40.379-0700][gc,phases     ] GC(9)   Pre Evacuate Collection Set: 1.2ms
[2021-05-14T11:53:40.379-0700][gc,phases     ] GC(9)   Evacuate Collection Set: 6.6ms
[2021-05-14T11:53:40.379-0700][gc,phases     ] GC(9)   Post Evacuate Collection Set: 0.7ms
[2021-05-14T11:53:40.379-0700][gc,phases     ] GC(9)   Other: 5.8ms
[2021-05-14T11:53:40.379-0700][gc,heap       ] GC(9) Eden regions: 47->0(48)
[2021-05-14T11:53:40.379-0700][gc,heap       ] GC(9) Survivor regions: 4->3(7)
[2021-05-14T11:53:40.379-0700][gc,heap       ] GC(9) Old regions: 17->17
[2021-05-14T11:53:40.379-0700][gc,heap       ] GC(9) Humongous regions: 129->129
[2021-05-14T11:53:40.379-0700][gc,metaspace  ] GC(9) Metaspace: 43072K->43072K(1087488K)
[2021-05-14T11:53:40.379-0700][gc            ] GC(9) Pause Young (Normal) (G1 Evacuation Pause) 195M->147M(1024M) 14.348ms
[2021-05-14T11:53:40.379-0700][gc,cpu        ] GC(9) User=0.02s Sys=0.00s Real=0.01s
[2021-05-14T12:33:54.538-0700][gc,start      ] GC(10) Pause Young (Normal) (G1 Evacuation Pause)
[2021-05-14T12:33:54.538-0700][gc,task       ] GC(10) Using 4 workers of 4 for evacuation
[2021-05-14T12:33:54.555-0700][gc,phases     ] GC(10)   Pre Evacuate Collection Set: 4.7ms
[2021-05-14T12:33:54.556-0700][gc,phases     ] GC(10)   Evacuate Collection Set: 11.1ms
[2021-05-14T12:33:54.556-0700][gc,phases     ] GC(10)   Post Evacuate Collection Set: 1.0ms
[2021-05-14T12:33:54.556-0700][gc,phases     ] GC(10)   Other: 1.2ms
[2021-05-14T12:33:54.556-0700][gc,heap       ] GC(10) Eden regions: 48->0(48)
[2021-05-14T12:33:54.556-0700][gc,heap       ] GC(10) Survivor regions: 3->3(7)
[2021-05-14T12:33:54.556-0700][gc,heap       ] GC(10) Old regions: 17->17
[2021-05-14T12:33:54.556-0700][gc,heap       ] GC(10) Humongous regions: 129->129
[2021-05-14T12:33:54.556-0700][gc,metaspace  ] GC(10) Metaspace: 43134K->43134K(1087488K)
[2021-05-14T12:33:54.556-0700][gc            ] GC(10) Pause Young (Normal) (G1 Evacuation Pause) 195M->147M(1024M) 18.049ms
[2021-05-14T12:33:54.556-0700][gc,cpu        ] GC(10) User=0.04s Sys=0.00s Real=0.02s
[2021-05-14T13:14:23.618-0700][gc,start      ] GC(11) Pause Young (Normal) (G1 Evacuation Pause)
[2021-05-14T13:14:23.619-0700][gc,task       ] GC(11) Using 4 workers of 4 for evacuation
[2021-05-14T13:14:23.639-0700][gc,mmu        ] GC(11) MMU target violated: 20.4ms (20.0ms/21.0ms)
[2021-05-14T13:14:23.639-0700][gc,phases     ] GC(11)   Pre Evacuate Collection Set: 1.6ms
[2021-05-14T13:14:23.639-0700][gc,phases     ] GC(11)   Evacuate Collection Set: 16.7ms
[2021-05-14T13:14:23.639-0700][gc,phases     ] GC(11)   Post Evacuate Collection Set: 1.2ms
[2021-05-14T13:14:23.639-0700][gc,phases     ] GC(11)   Other: 1.6ms
[2021-05-14T13:14:23.639-0700][gc,heap       ] GC(11) Eden regions: 48->0(48)
[2021-05-14T13:14:23.639-0700][gc,heap       ] GC(11) Survivor regions: 3->3(7)
[2021-05-14T13:14:23.639-0700][gc,heap       ] GC(11) Old regions: 17->17
[2021-05-14T13:14:23.639-0700][gc,heap       ] GC(11) Humongous regions: 129->129
[2021-05-14T13:14:23.639-0700][gc,metaspace  ] GC(11) Metaspace: 43184K->43184K(1089536K)
[2021-05-14T13:14:23.639-0700][gc            ] GC(11) Pause Young (Normal) (G1 Evacuation Pause) 195M->147M(1024M) 21.083ms
[2021-05-14T13:14:23.639-0700][gc,cpu        ] GC(11) User=0.05s Sys=0.00s Real=0.02s
[2021-05-14T13:54:46.743-0700][gc,start      ] GC(12) Pause Young (Normal) (G1 Evacuation Pause)
[2021-05-14T13:54:46.743-0700][gc,task       ] GC(12) Using 4 workers of 4 for evacuation
[2021-05-14T13:54:46.759-0700][gc,phases     ] GC(12)   Pre Evacuate Collection Set: 1.8ms
[2021-05-14T13:54:46.759-0700][gc,phases     ] GC(12)   Evacuate Collection Set: 13.1ms
[2021-05-14T13:54:46.759-0700][gc,phases     ] GC(12)   Post Evacuate Collection Set: 0.5ms
[2021-05-14T13:54:46.759-0700][gc,phases     ] GC(12)   Other: 1.0ms
[2021-05-14T13:54:46.759-0700][gc,heap       ] GC(12) Eden regions: 48->0(48)
[2021-05-14T13:54:46.759-0700][gc,heap       ] GC(12) Survivor regions: 3->3(7)
[2021-05-14T13:54:46.759-0700][gc,heap       ] GC(12) Old regions: 17->17
[2021-05-14T13:54:46.759-0700][gc,heap       ] GC(12) Humongous regions: 129->129
[2021-05-14T13:54:46.759-0700][gc,metaspace  ] GC(12) Metaspace: 43192K->43192K(1089536K)
[2021-05-14T13:54:46.759-0700][gc            ] GC(12) Pause Young (Normal) (G1 Evacuation Pause) 195M->147M(1024M) 16.466ms
[2021-05-14T13:54:46.759-0700][gc,cpu        ] GC(12) User=0.05s Sys=0.00s Real=0.01s
[2021-05-14T14:35:29.246-0700][gc,start      ] GC(13) Pause Young (Normal) (G1 Evacuation Pause)
[2021-05-14T14:35:29.247-0700][gc,task       ] GC(13) Using 4 workers of 4 for evacuation
[2021-05-14T14:35:29.255-0700][gc,phases     ] GC(13)   Pre Evacuate Collection Set: 1.7ms
[2021-05-14T14:35:29.255-0700][gc,phases     ] GC(13)   Evacuate Collection Set: 5.1ms
[2021-05-14T14:35:29.255-0700][gc,phases     ] GC(13)   Post Evacuate Collection Set: 1.0ms
[2021-05-14T14:35:29.255-0700][gc,phases     ] GC(13)   Other: 1.2ms
[2021-05-14T14:35:29.255-0700][gc,heap       ] GC(13) Eden regions: 48->0(50)
[2021-05-14T14:35:29.255-0700][gc,heap       ] GC(13) Survivor regions: 3->3(7)
[2021-05-14T14:35:29.255-0700][gc,heap       ] GC(13) Old regions: 17->17
[2021-05-14T14:35:29.255-0700][gc,heap       ] GC(13) Humongous regions: 129->129
[2021-05-14T14:35:29.255-0700][gc,metaspace  ] GC(13) Metaspace: 43209K->43209K(1089536K)
[2021-05-14T14:35:29.255-0700][gc            ] GC(13) Pause Young (Normal) (G1 Evacuation Pause) 195M->147M(1024M) 9.010ms
[2021-05-14T14:35:29.255-0700][gc,cpu        ] GC(13) User=0.02s Sys=0.00s Real=0.01s
[2021-05-14T15:18:23.617-0700][gc,start      ] GC(14) Pause Young (Normal) (G1 Evacuation Pause)
[2021-05-14T15:18:23.617-0700][gc,task       ] GC(14) Using 4 workers of 4 for evacuation
[2021-05-14T15:18:23.639-0700][gc,mmu        ] GC(14) MMU target violated: 21.0ms (20.0ms/21.0ms)
[2021-05-14T15:18:23.639-0700][gc,phases     ] GC(14)   Pre Evacuate Collection Set: 0.4ms
[2021-05-14T15:18:23.639-0700][gc,phases     ] GC(14)   Evacuate Collection Set: 19.7ms
[2021-05-14T15:18:23.639-0700][gc,phases     ] GC(14)   Post Evacuate Collection Set: 0.7ms
[2021-05-14T15:18:23.639-0700][gc,phases     ] GC(14)   Other: 0.5ms
[2021-05-14T15:18:23.639-0700][gc,heap       ] GC(14) Eden regions: 50->0(48)
[2021-05-14T15:18:23.639-0700][gc,heap       ] GC(14) Survivor regions: 3->3(7)
[2021-05-14T15:18:23.639-0700][gc,heap       ] GC(14) Old regions: 17->17
[2021-05-14T15:18:23.639-0700][gc,heap       ] GC(14) Humongous regions: 129->129
[2021-05-14T15:18:23.639-0700][gc,metaspace  ] GC(14) Metaspace: 43223K->43223K(1089536K)
[2021-05-14T15:18:23.639-0700][gc            ] GC(14) Pause Young (Normal) (G1 Evacuation Pause) 197M->147M(1024M) 21.356ms
[2021-05-14T15:18:23.639-0700][gc,cpu        ] GC(14) User=0.06s Sys=0.00s Real=0.02s
[2021-05-14T15:59:29.075-0700][gc,start      ] GC(15) Pause Young (Normal) (G1 Evacuation Pause)
[2021-05-14T15:59:29.075-0700][gc,task       ] GC(15) Using 4 workers of 4 for evacuation
[2021-05-14T15:59:29.098-0700][gc,mmu        ] GC(15) MMU target violated: 21.0ms (20.0ms/21.0ms)
[2021-05-14T15:59:29.099-0700][gc,phases     ] GC(15)   Pre Evacuate Collection Set: 3.2ms
[2021-05-14T15:59:29.099-0700][gc,phases     ] GC(15)   Evacuate Collection Set: 17.1ms
[2021-05-14T15:59:29.099-0700][gc,phases     ] GC(15)   Post Evacuate Collection Set: 2.1ms
[2021-05-14T15:59:29.099-0700][gc,phases     ] GC(15)   Other: 1.7ms
[2021-05-14T15:59:29.099-0700][gc,heap       ] GC(15) Eden regions: 48->0(48)
[2021-05-14T15:59:29.099-0700][gc,heap       ] GC(15) Survivor regions: 3->3(7)
[2021-05-14T15:59:29.099-0700][gc,heap       ] GC(15) Old regions: 17->17
[2021-05-14T15:59:29.099-0700][gc,heap       ] GC(15) Humongous regions: 129->129
[2021-05-14T15:59:29.099-0700][gc,metaspace  ] GC(15) Metaspace: 43227K->43227K(1089536K)
[2021-05-14T15:59:29.099-0700][gc            ] GC(15) Pause Young (Normal) (G1 Evacuation Pause) 195M->147M(1024M) 24.400ms
[2021-05-14T15:59:29.099-0700][gc,cpu        ] GC(15) User=0.06s Sys=0.00s Real=0.02s
[2021-05-14T16:40:30.367-0700][gc,start      ] GC(16) Pause Young (Normal) (G1 Evacuation Pause)
[2021-05-14T16:40:30.369-0700][gc,task       ] GC(16) Using 4 workers of 4 for evacuation
[2021-05-14T16:40:30.393-0700][gc,mmu        ] GC(16) MMU target violated: 21.0ms (20.0ms/21.0ms)
[2021-05-14T16:40:30.393-0700][gc,phases     ] GC(16)   Pre Evacuate Collection Set: 2.6ms
[2021-05-14T16:40:30.393-0700][gc,phases     ] GC(16)   Evacuate Collection Set: 18.6ms
[2021-05-14T16:40:30.393-0700][gc,phases     ] GC(16)   Post Evacuate Collection Set: 2.2ms
[2021-05-14T16:40:30.393-0700][gc,phases     ] GC(16)   Other: 4.5ms
[2021-05-14T16:40:30.393-0700][gc,heap       ] GC(16) Eden regions: 48->0(48)
[2021-05-14T16:40:30.393-0700][gc,heap       ] GC(16) Survivor regions: 3->3(7)
[2021-05-14T16:40:30.393-0700][gc,heap       ] GC(16) Old regions: 17->17
[2021-05-14T16:40:30.393-0700][gc,heap       ] GC(16) Humongous regions: 129->129
[2021-05-14T16:40:30.393-0700][gc,metaspace  ] GC(16) Metaspace: 43230K->43230K(1089536K)
[2021-05-14T16:40:30.393-0700][gc            ] GC(16) Pause Young (Normal) (G1 Evacuation Pause) 195M->147M(1024M) 26.177ms
[2021-05-14T16:40:30.394-0700][gc,cpu        ] GC(16) User=0.07s Sys=0.00s Real=0.03s
[2021-05-14T17:21:39.538-0700][gc,start      ] GC(17) Pause Young (Normal) (G1 Evacuation Pause)
[2021-05-14T17:21:39.538-0700][gc,task       ] GC(17) Using 4 workers of 4 for evacuation
[2021-05-14T17:21:39.561-0700][gc,mmu        ] GC(17) MMU target violated: 21.0ms (20.0ms/21.0ms)
[2021-05-14T17:21:39.561-0700][gc,phases     ] GC(17)   Pre Evacuate Collection Set: 2.2ms
[2021-05-14T17:21:39.561-0700][gc,phases     ] GC(17)   Evacuate Collection Set: 17.7ms
[2021-05-14T17:21:39.561-0700][gc,phases     ] GC(17)   Post Evacuate Collection Set: 2.2ms
[2021-05-14T17:21:39.561-0700][gc,phases     ] GC(17)   Other: 1.2ms
[2021-05-14T17:21:39.561-0700][gc,heap       ] GC(17) Eden regions: 48->0(48)
[2021-05-14T17:21:39.561-0700][gc,heap       ] GC(17) Survivor regions: 3->3(7)
[2021-05-14T17:21:39.561-0700][gc,heap       ] GC(17) Old regions: 17->17
[2021-05-14T17:21:39.561-0700][gc,heap       ] GC(17) Humongous regions: 129->129
[2021-05-14T17:21:39.561-0700][gc,metaspace  ] GC(17) Metaspace: 43239K->43239K(1089536K)
[2021-05-14T17:21:39.561-0700][gc            ] GC(17) Pause Young (Normal) (G1 Evacuation Pause) 195M->147M(1024M) 23.482ms
[2021-05-14T17:21:39.562-0700][gc,cpu        ] GC(17) User=0.06s Sys=0.00s Real=0.03s
[2021-05-15T10:04:04.825-0700][gc,start      ] GC(18) Pause Young (Normal) (G1 Evacuation Pause)
[2021-05-15T10:04:04.825-0700][gc,task       ] GC(18) Using 4 workers of 4 for evacuation
[2021-05-15T10:04:04.866-0700][gc,mmu        ] GC(18) MMU target violated: 21.0ms (20.0ms/21.0ms)
[2021-05-15T10:04:04.866-0700][gc,phases     ] GC(18)   Pre Evacuate Collection Set: 12.6ms
[2021-05-15T10:04:04.866-0700][gc,phases     ] GC(18)   Evacuate Collection Set: 24.5ms
[2021-05-15T10:04:04.866-0700][gc,phases     ] GC(18)   Post Evacuate Collection Set: 2.6ms
[2021-05-15T10:04:04.866-0700][gc,phases     ] GC(18)   Other: 1.5ms
[2021-05-15T10:04:04.866-0700][gc,heap       ] GC(18) Eden regions: 48->0(48)
[2021-05-15T10:04:04.866-0700][gc,heap       ] GC(18) Survivor regions: 3->3(7)
[2021-05-15T10:04:04.866-0700][gc,heap       ] GC(18) Old regions: 17->17
[2021-05-15T10:04:04.866-0700][gc,heap       ] GC(18) Humongous regions: 129->129
[2021-05-15T10:04:04.866-0700][gc,metaspace  ] GC(18) Metaspace: 43501K->43501K(1089536K)
[2021-05-15T10:04:04.866-0700][gc            ] GC(18) Pause Young (Normal) (G1 Evacuation Pause) 195M->147M(1024M) 41.409ms
[2021-05-15T10:04:04.866-0700][gc,cpu        ] GC(18) User=0.09s Sys=0.00s Real=0.04s
