[2021-05-14T10:44:07.234-0700][gc,heap] Heap region size: 1M
[2021-05-14T10:44:07.238-0700][gc     ] Using G1
[2021-05-14T10:44:07.238-0700][gc,heap,coops] Heap address: 0x00000000e0000000, size: 512 MB, Compressed Oops mode: 32-bit
[2021-05-14T10:44:07.239-0700][gc,cds       ] Mark closed archive regions in map: [0x00000000fff00000, 0x00000000fff6aff8]
[2021-05-14T10:44:07.239-0700][gc,cds       ] Mark open archive regions in map: [0x00000000ffe00000, 0x00000000ffe46ff8]
[2021-05-14T10:44:52.363-0700][gc,start     ] GC(0) Pause Young (Normal) (G1 Evacuation Pause)
[2021-05-14T10:44:52.363-0700][gc,task      ] GC(0) Using 4 workers of 4 for evacuation
[2021-05-14T10:44:52.385-0700][gc,mmu       ] GC(0) MMU target violated: 21.0ms (20.0ms/21.0ms)
[2021-05-14T10:44:52.385-0700][gc,phases    ] GC(0)   Pre Evacuate Collection Set: 0.1ms
[2021-05-14T10:44:52.385-0700][gc,phases    ] GC(0)   Evacuate Collection Set: 20.3ms
[2021-05-14T10:44:52.385-0700][gc,phases    ] GC(0)   Post Evacuate Collection Set: 0.5ms
[2021-05-14T10:44:52.385-0700][gc,phases    ] GC(0)   Other: 1.4ms
[2021-05-14T10:44:52.385-0700][gc,heap      ] GC(0) Eden regions: 25->0(21)
[2021-05-14T10:44:52.385-0700][gc,heap      ] GC(0) Survivor regions: 0->4(4)
[2021-05-14T10:44:52.385-0700][gc,heap      ] GC(0) Old regions: 2->4
[2021-05-14T10:44:52.385-0700][gc,heap      ] GC(0) Humongous regions: 0->0
[2021-05-14T10:44:52.385-0700][gc,metaspace ] GC(0) Metaspace: 7772K->7772K(1056768K)
[2021-05-14T10:44:52.385-0700][gc           ] GC(0) Pause Young (Normal) (G1 Evacuation Pause) 25M->6M(512M) 22.350ms
[2021-05-14T10:44:52.385-0700][gc,cpu       ] GC(0) User=0.02s Sys=0.03s Real=0.02s
[2021-05-15T10:00:00.188-0700][gc,start     ] GC(1) Pause Young (Normal) (G1 Evacuation Pause)
[2021-05-15T10:00:00.190-0700][gc,task      ] GC(1) Using 4 workers of 4 for evacuation
[2021-05-15T10:00:00.483-0700][gc,mmu       ] GC(1) MMU target violated: 21.0ms (20.0ms/21.0ms)
[2021-05-15T10:00:00.483-0700][gc,phases    ] GC(1)   Pre Evacuate Collection Set: 47.9ms
[2021-05-15T10:00:00.483-0700][gc,phases    ] GC(1)   Evacuate Collection Set: 241.2ms
[2021-05-15T10:00:00.483-0700][gc,phases    ] GC(1)   Post Evacuate Collection Set: 0.9ms
[2021-05-15T10:00:00.483-0700][gc,phases    ] GC(1)   Other: 5.8ms
[2021-05-15T10:00:00.483-0700][gc,heap      ] GC(1) Eden regions: 21->0(24)
[2021-05-15T10:00:00.483-0700][gc,heap      ] GC(1) Survivor regions: 4->1(4)
[2021-05-15T10:00:00.483-0700][gc,heap      ] GC(1) Old regions: 4->8
[2021-05-15T10:00:00.483-0700][gc,heap      ] GC(1) Humongous regions: 0->0
[2021-05-15T10:00:00.483-0700][gc,metaspace ] GC(1) Metaspace: 8466K->8466K(1056768K)
[2021-05-15T10:00:00.484-0700][gc           ] GC(1) Pause Young (Normal) (G1 Evacuation Pause) 27M->6M(512M) 295.844ms
[2021-05-15T10:00:00.484-0700][gc,cpu       ] GC(1) User=0.98s Sys=0.00s Real=0.29s
