[2021-05-13T15:44:02.693-0700][gc,heap] Heap region size: 1M
[2021-05-13T15:44:02.698-0700][gc     ] Using G1
[2021-05-13T15:44:02.698-0700][gc,heap,coops] Heap address: 0x00000000e0000000, size: 512 MB, Compressed Oops mode: 32-bit
[2021-05-13T15:44:02.698-0700][gc,cds       ] Mark closed archive regions in map: [0x00000000fff00000, 0x00000000fff6aff8]
[2021-05-13T15:44:02.698-0700][gc,cds       ] Mark open archive regions in map: [0x00000000ffe00000, 0x00000000ffe46ff8]
[2021-05-13T15:46:32.878-0700][gc,start     ] GC(0) Pause Young (Normal) (G1 Evacuation Pause)
[2021-05-13T15:46:32.878-0700][gc,task      ] GC(0) Using 4 workers of 4 for evacuation
[2021-05-13T15:46:32.886-0700][gc,phases    ] GC(0)   Pre Evacuate Collection Set: 0.0ms
[2021-05-13T15:46:32.886-0700][gc,phases    ] GC(0)   Evacuate Collection Set: 7.6ms
[2021-05-13T15:46:32.887-0700][gc,phases    ] GC(0)   Post Evacuate Collection Set: 0.4ms
[2021-05-13T15:46:32.887-0700][gc,phases    ] GC(0)   Other: 0.9ms
[2021-05-13T15:46:32.887-0700][gc,heap      ] GC(0) Eden regions: 25->0(21)
[2021-05-13T15:46:32.887-0700][gc,heap      ] GC(0) Survivor regions: 0->4(4)
[2021-05-13T15:46:32.887-0700][gc,heap      ] GC(0) Old regions: 2->4
[2021-05-13T15:46:32.887-0700][gc,heap      ] GC(0) Humongous regions: 0->0
[2021-05-13T15:46:32.887-0700][gc,metaspace ] GC(0) Metaspace: 7706K->7706K(1056768K)
[2021-05-13T15:46:32.887-0700][gc           ] GC(0) Pause Young (Normal) (G1 Evacuation Pause) 25M->6M(512M) 8.984ms
[2021-05-13T15:46:32.887-0700][gc,cpu       ] GC(0) User=0.03s Sys=0.00s Real=0.01s
[2021-05-13T16:32:03.313-0700][gc,heap,exit ] Heap
[2021-05-13T16:32:03.313-0700][gc,heap,exit ]  garbage-first heap   total 524288K, used 12301K [0x00000000e0000000, 0x0000000100000000)
[2021-05-13T16:32:03.313-0700][gc,heap,exit ]   region size 1024K, 11 young (11264K), 4 survivors (4096K)
[2021-05-13T16:32:03.313-0700][gc,heap,exit ]  Metaspace       used 8380K, capacity 8718K, committed 8960K, reserved 1056768K
[2021-05-13T16:32:03.313-0700][gc,heap,exit ]   class space    used 903K, capacity 1015K, committed 1024K, reserved 1048576K
